Archive member included to satisfy reference by file (symbol)

C:/Users/15313/scoop/apps/gcc-arm-none-eabi/15.2.rel1/bin/../lib/gcc/arm-none-eabi/15.2.1/../../../../arm-none-eabi/lib/thumb/v7e-m+fp/hard\libc_nano.a(libc_a-exit.o)
                              C:/Users/15313/scoop/apps/gcc-arm-none-eabi/15.2.rel1/bin/../lib/gcc/arm-none-eabi/15.2.1/../../../../arm-none-eabi/lib/thumb/v7e-m+fp/hard/crt0.o (exit)
C:/Users/15313/scoop/apps/gcc-arm-none-eabi/15.2.rel1/bin/../lib/gcc/arm-none-eabi/15.2.1/../../../../arm-none-eabi/lib/thumb/v7e-m+fp/hard\libc_nano.a(libc_a-findfp.o)
                              C:/Users/15313/scoop/apps/gcc-arm-none-eabi/15.2.rel1/bin/../lib/gcc/arm-none-eabi/15.2.1/../../../../arm-none-eabi/lib/thumb/v7e-m+fp/hard\libc_nano.a(libc_a-exit.o) (__stdio_exit_handler)
C:/Users/15313/scoop/apps/gcc-arm-none-eabi/15.2.rel1/bin/../lib/gcc/arm-none-eabi/15.2.1/../../../../arm-none-eabi/lib/thumb/v7e-m+fp/hard\libc_nano.a(libc_a-fwalk.o)
                              C:/Users/15313/scoop/apps/gcc-arm-none-eabi/15.2.rel1/bin/../lib/gcc/arm-none-eabi/15.2.1/../../../../arm-none-eabi/lib/thumb/v7e-m+fp/hard\libc_nano.a(libc_a-findfp.o) (_fwalk_sglue)
C:/Users/15313/scoop/apps/gcc-arm-none-eabi/15.2.rel1/bin/../lib/gcc/arm-none-eabi/15.2.1/../../../../arm-none-eabi/lib/thumb/v7e-m+fp/hard\libc_nano.a(libc_a-stdio.o)
                              C:/Users/15313/scoop/apps/gcc-arm-none-eabi/15.2.rel1/bin/../lib/gcc/arm-none-eabi/15.2.1/../../../../arm-none-eabi/lib/thumb/v7e-m+fp/hard\libc_nano.a(libc_a-findfp.o) (__sread)
C:/Users/15313/scoop/apps/gcc-arm-none-eabi/15.2.rel1/bin/../lib/gcc/arm-none-eabi/15.2.1/../../../../arm-none-eabi/lib/thumb/v7e-m+fp/hard\libc_nano.a(libc_a-memset.o)
                              C:/Users/15313/scoop/apps/gcc-arm-none-eabi/15.2.rel1/bin/../lib/gcc/arm-none-eabi/15.2.1/../../../../arm-none-eabi/lib/thumb/v7e-m+fp/hard/crt0.o (memset)
C:/Users/15313/scoop/apps/gcc-arm-none-eabi/15.2.rel1/bin/../lib/gcc/arm-none-eabi/15.2.1/../../../../arm-none-eabi/lib/thumb/v7e-m+fp/hard\libc_nano.a(libc_a-closer.o)
                              C:/Users/15313/scoop/apps/gcc-arm-none-eabi/15.2.rel1/bin/../lib/gcc/arm-none-eabi/15.2.1/../../../../arm-none-eabi/lib/thumb/v7e-m+fp/hard\libc_nano.a(libc_a-stdio.o) (_close_r)
C:/Users/15313/scoop/apps/gcc-arm-none-eabi/15.2.rel1/bin/../lib/gcc/arm-none-eabi/15.2.1/../../../../arm-none-eabi/lib/thumb/v7e-m+fp/hard\libc_nano.a(libc_a-reent.o)
                              C:/Users/15313/scoop/apps/gcc-arm-none-eabi/15.2.rel1/bin/../lib/gcc/arm-none-eabi/15.2.1/../../../../arm-none-eabi/lib/thumb/v7e-m+fp/hard\libc_nano.a(libc_a-closer.o) (errno)
C:/Users/15313/scoop/apps/gcc-arm-none-eabi/15.2.rel1/bin/../lib/gcc/arm-none-eabi/15.2.1/../../../../arm-none-eabi/lib/thumb/v7e-m+fp/hard\libc_nano.a(libc_a-impure.o)
                              C:/Users/15313/scoop/apps/gcc-arm-none-eabi/15.2.rel1/bin/../lib/gcc/arm-none-eabi/15.2.1/../../../../arm-none-eabi/lib/thumb/v7e-m+fp/hard\libc_nano.a(libc_a-reent.o) (_impure_ptr)
C:/Users/15313/scoop/apps/gcc-arm-none-eabi/15.2.rel1/bin/../lib/gcc/arm-none-eabi/15.2.1/../../../../arm-none-eabi/lib/thumb/v7e-m+fp/hard\libc_nano.a(libc_a-lseekr.o)
                              C:/Users/15313/scoop/apps/gcc-arm-none-eabi/15.2.rel1/bin/../lib/gcc/arm-none-eabi/15.2.1/../../../../arm-none-eabi/lib/thumb/v7e-m+fp/hard\libc_nano.a(libc_a-stdio.o) (_lseek_r)
C:/Users/15313/scoop/apps/gcc-arm-none-eabi/15.2.rel1/bin/../lib/gcc/arm-none-eabi/15.2.1/../../../../arm-none-eabi/lib/thumb/v7e-m+fp/hard\libc_nano.a(libc_a-readr.o)
                              C:/Users/15313/scoop/apps/gcc-arm-none-eabi/15.2.rel1/bin/../lib/gcc/arm-none-eabi/15.2.1/../../../../arm-none-eabi/lib/thumb/v7e-m+fp/hard\libc_nano.a(libc_a-stdio.o) (_read_r)
C:/Users/15313/scoop/apps/gcc-arm-none-eabi/15.2.rel1/bin/../lib/gcc/arm-none-eabi/15.2.1/../../../../arm-none-eabi/lib/thumb/v7e-m+fp/hard\libc_nano.a(libc_a-writer.o)
                              C:/Users/15313/scoop/apps/gcc-arm-none-eabi/15.2.rel1/bin/../lib/gcc/arm-none-eabi/15.2.1/../../../../arm-none-eabi/lib/thumb/v7e-m+fp/hard\libc_nano.a(libc_a-stdio.o) (_write_r)
C:/Users/15313/scoop/apps/gcc-arm-none-eabi/15.2.rel1/bin/../lib/gcc/arm-none-eabi/15.2.1/../../../../arm-none-eabi/lib/thumb/v7e-m+fp/hard\libc_nano.a(libc_a-init.o)
                              C:/Users/15313/scoop/apps/gcc-arm-none-eabi/15.2.rel1/bin/../lib/gcc/arm-none-eabi/15.2.1/../../../../arm-none-eabi/lib/thumb/v7e-m+fp/hard/crt0.o (__libc_init_array)
C:/Users/15313/scoop/apps/gcc-arm-none-eabi/15.2.rel1/bin/../lib/gcc/arm-none-eabi/15.2.1/../../../../arm-none-eabi/lib/thumb/v7e-m+fp/hard\libc_nano.a(libc_a-lock.o)
                              C:/Users/15313/scoop/apps/gcc-arm-none-eabi/15.2.rel1/bin/../lib/gcc/arm-none-eabi/15.2.1/../../../../arm-none-eabi/lib/thumb/v7e-m+fp/hard\libc_nano.a(libc_a-findfp.o) (__retarget_lock_init_recursive)
[...]
Memory Configuration

Name             Origin             Length             Attributes
FLASH            0x08000000         0x00300000         xr
SRAM             0x20000000         0x00030000         xrw
TCM              0x10000000         0x00010000         xrw
*default*        0x00000000         0xffffffff

Linker script and memory map

LOAD C:/Users/15313/scoop/apps/gcc-arm-none-eabi/15.2.rel1/bin/../lib/gcc/arm-none-eabi/15.2.1/thumb/v7e-m+fp/hard/crti.o
LOAD C:/Users/15313/scoop/apps/gcc-arm-none-eabi/15.2.rel1/bin/../lib/gcc/arm-none-eabi/15.2.1/thumb/v7e-m+fp/hard/crtbegin.o
LOAD C:/Users/15313/scoop/apps/gcc-arm-none-eabi/15.2.rel1/bin/../lib/gcc/arm-none-eabi/15.2.1/../../../../arm-none-eabi/lib/thumb/v7e-m+fp/hard/crt0.o
LOAD C:/Users/15313/scoop/apps/gcc-arm-none-eabi/15.2.rel1/bin/../lib/gcc/arm-none-eabi/15.2.1/../../../../arm-none-eabi/lib/thumb/v7e-m+fp/hard\libc_nano.a
LOAD C:/Users/15313/scoop/apps/gcc-arm-none-eabi/15.2.rel1/bin/../lib/gcc/arm-none-eabi/15.2.1/../../../../arm-none-eabi/lib/thumb/v7e-m+fp/hard\libm.a
LOAD C:/Users/15313/scoop/apps/gcc-arm-none-eabi/15.2.rel1/bin/../lib/gcc/arm-none-eabi/15.2.1/../../../../arm-none-eabi/lib/thumb/v7e-m+fp/hard\libnosys.a
LOAD CMakeFiles/STUDYGUARD_A_U1P.dir/C_/Users/15313/Desktop/HW/intern/project/StudyGuard_A_U1P/demo/Project/Application/src/c2_demo.c.obj
LOAD CMakeFiles/STUDYGUARD_A_U1P.dir/C_/Users/15313/Desktop/HW/intern/project/StudyGuard_A_U1P/demo/Project/GD32F470Z_BSP/src/uart.c.obj
LOAD CMakeFiles/STUDYGUARD_A_U1P.dir/C_/Users/15313/Desktop/HW/intern/project/StudyGuard_A_U1P/demo/Project/GD32F470Z_BSP/src/c2.c.obj
LOAD CMakeFiles/STUDYGUARD_A_U1P.dir/C_/Users/15313/Desktop/HW/intern/project/StudyGuard_A_U1P/demo/Project/GD32F470Z_BSP/src/i2c.c.obj
LOAD CMakeFiles/STUDYGUARD_A_U1P.dir/C_/Users/15313/Desktop/HW/intern/project/StudyGuard_A_U1P/demo/Project/GD32F470Z_BSP/src/s5.c.obj
LOAD CMakeFiles/STUDYGUARD_A_U1P.dir/C_/Users/15313/Desktop/HW/intern/project/StudyGuard_A_U1P/demo/Project/GD32F470Z_BSP/src/s7.c.obj
LOAD CMakeFiles/STUDYGUARD_A_U1P.dir/C_/Users/15313/Desktop/HW/intern/project/StudyGuard_A_U1P/demo/Project/GD32F470Z_BSP/src/s8.c.obj
LOAD CMakeFiles/STUDYGUARD_A_U1P.dir/C_/Users/15313/Desktop/HW/intern/project/StudyGuard_A_U1P/demo/Project/GD32F470Z_BSP/src/gd32f470z_eval.c.obj
LOAD CMakeFiles/STUDYGUARD_A_U1P.dir/358902cbc428f1ccc98c5bf3f28dcd0c/StudyGuard_A_U1P/Library/Firmware/GD32F4xx_standard_peripheral/Source/gd32f4xx_adc.c.obj
LOAD CMakeFiles/STUDYGUARD_A_U1P.dir/358902cbc428f1ccc98c5bf3f28dcd0c/StudyGuard_A_U1P/Library/Firmware/GD32F4xx_standard_peripheral/Source/gd32f4xx_can.c.obj
LOAD CMakeFiles/STUDYGUARD_A_U1P.dir/358902cbc428f1ccc98c5bf3f28dcd0c/StudyGuard_A_U1P/Library/Firmware/GD32F4xx_standard_peripheral/Source/gd32f4xx_crc.c.obj
LOAD CMakeFiles/STUDYGUARD_A_U1P.dir/358902cbc428f1ccc98c5bf3f28dcd0c/StudyGuard_A_U1P/Library/Firmware/GD32F4xx_standard_peripheral/Source/gd32f4xx_ctc.c.obj
LOAD CMakeFiles/STUDYGUARD_A_U1P.dir/358902cbc428f1ccc98c5bf3f28dcd0c/StudyGuard_A_U1P/Library/Firmware/GD32F4xx_standard_peripheral/Source/gd32f4xx_dac.c.obj
LOAD CMakeFiles/STUDYGUARD_A_U1P.dir/358902cbc428f1ccc98c5bf3f28dcd0c/StudyGuard_A_U1P/Library/Firmware/GD32F4xx_standard_peripheral/Source/gd32f4xx_dbg.c.obj
LOAD CMakeFiles/STUDYGUARD_A_U1P.dir/358902cbc428f1ccc98c5bf3f28dcd0c/StudyGuard_A_U1P/Library/Firmware/GD32F4xx_standard_peripheral/Source/gd32f4xx_dci.c.obj
LOAD CMakeFiles/STUDYGUARD_A_U1P.dir/358902cbc428f1ccc98c5bf3f28dcd0c/StudyGuard_A_U1P/Library/Firmware/GD32F4xx_standard_peripheral/Source/gd32f4xx_dma.c.obj
LOAD CMakeFiles/STUDYGUARD_A_U1P.dir/358902cbc428f1ccc98c5bf3f28dcd0c/StudyGuard_A_U1P/Library/Firmware/GD32F4xx_standard_peripheral/Source/gd32f4xx_enet.c.obj
LOAD CMakeFiles/STUDYGUARD_A_U1P.dir/358902cbc428f1ccc98c5bf3f28dcd0c/StudyGuard_A_U1P/Library/Firmware/GD32F4xx_standard_peripheral/Source/gd32f4xx_exmc.c.obj
LOAD CMakeFiles/STUDYGUARD_A_U1P.dir/358902cbc428f1ccc98c5bf3f28dcd0c/StudyGuard_A_U1P/Library/Firmware/GD32F4xx_standard_peripheral/Source/gd32f4xx_exti.c.obj
LOAD CMakeFiles/STUDYGUARD_A_U1P.dir/358902cbc428f1ccc98c5bf3f28dcd0c/StudyGuard_A_U1P/Library/Firmware/GD32F4xx_standard_peripheral/Source/gd32f4xx_fmc.c.obj
LOAD CMakeFiles/STUDYGUARD_A_U1P.dir/ace3b6aeb82fb8b3f67bedc32baf1933/Library/Firmware/GD32F4xx_standard_peripheral/Source/gd32f4xx_fwdgt.c.obj
LOAD CMakeFiles/STUDYGUARD_A_U1P.dir/358902cbc428f1ccc98c5bf3f28dcd0c/StudyGuard_A_U1P/Library/Firmware/GD32F4xx_standard_peripheral/Source/gd32f4xx_gpio.c.obj
LOAD CMakeFiles/STUDYGUARD_A_U1P.dir/358902cbc428f1ccc98c5bf3f28dcd0c/StudyGuard_A_U1P/Library/Firmware/GD32F4xx_standard_peripheral/Source/gd32f4xx_i2c.c.obj
LOAD CMakeFiles/STUDYGUARD_A_U1P.dir/358902cbc428f1ccc98c5bf3f28dcd0c/StudyGuard_A_U1P/Library/Firmware/GD32F4xx_standard_peripheral/Source/gd32f4xx_ipa.c.obj
LOAD CMakeFiles/STUDYGUARD_A_U1P.dir/358902cbc428f1ccc98c5bf3f28dcd0c/StudyGuard_A_U1P/Library/Firmware/GD32F4xx_standard_peripheral/Source/gd32f4xx_iref.c.obj
LOAD CMakeFiles/STUDYGUARD_A_U1P.dir/358902cbc428f1ccc98c5bf3f28dcd0c/StudyGuard_A_U1P/Library/Firmware/GD32F4xx_standard_peripheral/Source/gd32f4xx_misc.c.obj
LOAD CMakeFiles/STUDYGUARD_A_U1P.dir/358902cbc428f1ccc98c5bf3f28dcd0c/StudyGuard_A_U1P/Library/Firmware/GD32F4xx_standard_peripheral/Source/gd32f4xx_pmu.c.obj
LOAD CMakeFiles/STUDYGUARD_A_U1P.dir/358902cbc428f1ccc98c5bf3f28dcd0c/StudyGuard_A_U1P/Library/Firmware/GD32F4xx_standard_peripheral/Source/gd32f4xx_rcu.c.obj
LOAD CMakeFiles/STUDYGUARD_A_U1P.dir/358902cbc428f1ccc98c5bf3f28dcd0c/StudyGuard_A_U1P/Library/Firmware/GD32F4xx_standard_peripheral/Source/gd32f4xx_rtc.c.obj
LOAD CMakeFiles/STUDYGUARD_A_U1P.dir/358902cbc428f1ccc98c5bf3f28dcd0c/StudyGuard_A_U1P/Library/Firmware/GD32F4xx_standard_peripheral/Source/gd32f4xx_sdio.c.obj
LOAD CMakeFiles/STUDYGUARD_A_U1P.dir/358902cbc428f1ccc98c5bf3f28dcd0c/StudyGuard_A_U1P/Library/Firmware/GD32F4xx_standard_peripheral/Source/gd32f4xx_spi.c.obj
LOAD CMakeFiles/STUDYGUARD_A_U1P.dir/ace3b6aeb82fb8b3f67bedc32baf1933/Library/Firmware/GD32F4xx_standard_peripheral/Source/gd32f4xx_syscfg.c.obj
LOAD CMakeFiles/STUDYGUARD_A_U1P.dir/ace3b6aeb82fb8b3f67bedc32baf1933/Library/Firmware/GD32F4xx_standard_peripheral/Source/gd32f4xx_timer.c.obj
LOAD CMakeFiles/STUDYGUARD_A_U1P.dir/358902cbc428f1ccc98c5bf3f28dcd0c/StudyGuard_A_U1P/Library/Firmware/GD32F4xx_standard_peripheral/Source/gd32f4xx_tli.c.obj
LOAD CMakeFiles/STUDYGUARD_A_U1P.dir/358902cbc428f1ccc98c5bf3f28dcd0c/StudyGuard_A_U1P/Library/Firmware/GD32F4xx_standard_peripheral/Source/gd32f4xx_trng.c.obj
LOAD CMakeFiles/STUDYGUARD_A_U1P.dir/ace3b6aeb82fb8b3f67bedc32baf1933/Library/Firmware/GD32F4xx_standard_peripheral/Source/gd32f4xx_usart.c.obj
LOAD CMakeFiles/STUDYGUARD_A_U1P.dir/ace3b6aeb82fb8b3f67bedc32baf1933/Library/Firmware/GD32F4xx_standard_peripheral/Source/gd32f4xx_wwdgt.c.obj
LOAD CMakeFiles/STUDYGUARD_A_U1P.dir/C_/Users/15313/Desktop/HW/intern/project/StudyGuard_A_U1P/Library/Firmware/CMSIS/GD/GD32F4xx/Source/system_gd32f4xx.c.obj
LOAD CMakeFiles/STUDYGUARD_A_U1P.dir/startup_gd32f470_gcc.S.obj
START GROUP
LOAD C:/Users/15313/scoop/apps/gcc-arm-none-eabi/15.2.rel1/bin/../lib/gcc/arm-none-eabi/15.2.1/thumb/v7e-m+fp/hard\libgcc.a
LOAD C:/Users/15313/scoop/apps/gcc-arm-none-eabi/15.2.rel1/bin/../lib/gcc/arm-none-eabi/15.2.1/../../../../arm-none-eabi/lib/thumb/v7e-m+fp/hard\libc_nano.a
END GROUP
START GROUP
LOAD C:/Users/15313/scoop/apps/gcc-arm-none-eabi/15.2.rel1/bin/../lib/gcc/arm-none-eabi/15.2.1/thumb/v7e-m+fp/hard\libgcc.a
LOAD C:/Users/15313/scoop/apps/gcc-arm-none-eabi/15.2.rel1/bin/../lib/gcc/arm-none-eabi/15.2.1/../../../../arm-none-eabi/lib/thumb/v7e-m+fp/hard\libc_nano.a
LOAD C:/Users/15313/scoop/apps/gcc-arm-none-eabi/15.2.rel1/bin/../lib/gcc/arm-none-eabi/15.2.1/../../../../arm-none-eabi/lib/thumb/v7e-m+fp/hard\libnosys.a
END GROUP
START GROUP
LOAD C:/Users/15313/scoop/apps/gcc-arm-none-eabi/15.2.rel1/bin/../lib/gcc/arm-none-eabi/15.2.1/thumb/v7e-m+fp/hard\libgcc.a
LOAD C:/Users/15313/scoop/apps/gcc-arm-none-eabi/15.2.rel1/bin/../lib/gcc/arm-none-eabi/15.2.1/../../../../arm-none-eabi/lib/thumb/v7e-m+fp/hard\libc_nano.a
LOAD C:/Users/15313/scoop/apps/gcc-arm-none-eabi/15.2.rel1/bin/../lib/gcc/arm-none-eabi/15.2.1/../../../../arm-none-eabi/lib/thumb/v7e-m+fp/hard\libnosys.a
END GROUP
LOAD C:/Users/15313/scoop/apps/gcc-arm-none-eabi/15.2.rel1/bin/../lib/gcc/arm-none-eabi/15.2.1/thumb/v7e-m+fp/hard/crtend.o
LOAD C:/Users/15313/scoop/apps/gcc-arm-none-eabi/15.2.rel1/bin/../lib/gcc/arm-none-eabi/15.2.1/thumb/v7e-m+fp/hard/crtn.o
                0x10010000                        _estack = (ORIGIN (TCM) + LENGTH (TCM))
                0x00000400                        _Min_Heap_Size = 0x400
                0x00000400                        _Min_Stack_Size = 0x400

.isr_vector     0x08000000      0x1ac
                0x08000000                        . = ALIGN (0x4)
 *(.isr_vector)
 .isr_vector    0x08000000      0x1ac CMakeFiles/STUDYGUARD_A_U1P.dir/startup_gd32f470_gcc.S.obj
                0x08000000                g_pfnVectors
                0x080001ac                        . = ALIGN (0x4)

.text           0x080001b0     0x31bc
                0x080001b0                        . = ALIGN (0x4)
 *(.text)
 .text          0x080001b0       0x70 CMakeFiles/STUDYGUARD_A_U1P.dir/startup_gd32f470_gcc.S.obj
                0x080001b0                Reset_Handler
                0x080001e0                NMI_Handler
                0x080001e4                HardFault_Handler
                0x080001e8                MemManage_Handler
                0x080001ec                BusFault_Handler
                0x080001f0                UsageFault_Handler
                0x080001f4                SVC_Handler
                0x080001f8                DebugMon_Handler
                0x080001fc                PendSV_Handler
                0x08000200                SysTick_Handler
                0x08000204                SDIO_IRQHandler
                0x08000204                TIMER7_UP_TIMER12_IRQHandler
                0x08000204                LVD_IRQHandler
                0x08000204                EXTI3_IRQHandler
                0x08000204                DCI_IRQHandler
                0x08000204                USBFS_WKUP_IRQHandler
                0x08000204                USBHS_IRQHandler
                0x08000204                CAN1_EWMC_IRQHandler
                0x08000204                TIMER5_DAC_IRQHandler
                0x08000204                TIMER0_TRG_CMT_TIMER10_IRQHandler
                0x08000204                USBFS_IRQHandler
                0x08000204                DMA0_Channel6_IRQHandler
                0x08000204                I2C0_EV_IRQHandler
                0x08000204                EXTI0_IRQHandler
                0x08000204                I2C2_EV_IRQHandler
                0x08000204                CAN1_RX0_IRQHandler
                0x08000204                FPU_IRQHandler
                0x08000204                TIMER7_TRG_CMT_TIMER13_IRQHandler
                0x08000204                IPA_IRQHandler
                0x08000204                TIMER4_IRQHandler
                0x08000204                SPI1_IRQHandler
                0x08000204                DMA0_Channel0_IRQHandler
                0x08000204                TIMER0_BRK_TIMER8_IRQHandler
                0x08000204                DMA1_Channel0_IRQHandler
                0x08000204                TIMER7_BRK_TIMER11_IRQHandler
                0x08000204                TIMER6_IRQHandler
                0x08000204                DMA1_Channel4_IRQHandler
                0x08000204                DMA0_Channel3_IRQHandler
                0x08000204                I2C0_ER_IRQHandler
                0x08000204                TLI_IRQHandler
                0x08000204                TIMER0_UP_TIMER9_IRQHandler
                0x08000204                DMA1_Channel7_IRQHandler
                0x08000204                TIMER2_IRQHandler
                0x08000204                CAN1_RX1_IRQHandler
                0x08000204                DMA0_Channel2_IRQHandler
                0x08000204                TIMER1_IRQHandler
                0x08000204                I2C1_EV_IRQHandler
                0x08000204                DMA1_Channel6_IRQHandler
                0x08000204                UART4_IRQHandler
                0x08000204                EXTI10_15_IRQHandler
                0x08000204                DMA1_Channel1_IRQHandler
                0x08000204                TIMER7_Channel_IRQHandler
                0x08000204                DMA0_Channel7_IRQHandler
                0x08000204                ADC_IRQHandler
                0x08000204                CAN0_TX_IRQHandler
                0x08000204                WWDGT_IRQHandler
                0x08000204                EXMC_IRQHandler
                0x08000204                SPI5_IRQHandler
                0x08000204                TAMPER_STAMP_IRQHandler
                0x08000204                RTC_WKUP_IRQHandler
                0x08000204                SPI2_IRQHandler
                0x08000204                EXTI2_IRQHandler
                0x08000204                CAN1_TX_IRQHandler
                0x08000204                SPI4_IRQHandler
                0x08000204                RCU_CTC_IRQHandler
                0x08000204                DMA1_Channel5_IRQHandler
                0x08000204                EXTI4_IRQHandler
                0x08000204                CAN0_RX1_IRQHandler
                0x08000204                DMA0_Channel5_IRQHandler
                0x08000204                DMA1_Channel3_IRQHandler
                0x08000204                EXTI5_9_IRQHandler
                0x08000204                DMA0_Channel1_IRQHandler
                0x08000204                TIMER0_Channel_IRQHandler
                0x08000204                EXTI1_IRQHandler
                0x08000204                ENET_WKUP_IRQHandler
                0x08000204                USBHS_EP1_In_IRQHandler
                0x08000204                SPI0_IRQHandler
                0x08000204                UART7_IRQHandler
                0x08000204                UART6_IRQHandler
                0x08000204                CAN0_EWMC_IRQHandler
                0x08000204                CAN0_RX0_IRQHandler
                0x08000204                I2C2_ER_IRQHandler
                0x08000204                DMA1_Channel2_IRQHandler
                0x08000204                TLI_ER_IRQHandler
                0x08000204                RTC_Alarm_IRQHandler
                0x08000204                USART1_IRQHandler
                0x08000204                SPI3_IRQHandler
                0x08000204                UART3_IRQHandler
                0x08000204                I2C1_ER_IRQHandler
                0x08000204                FMC_IRQHandler
                0x08000204                USBHS_WKUP_IRQHandler
                0x08000204                DMA0_Channel4_IRQHandler
                0x08000204                TRNG_IRQHandler
                0x08000204                ENET_IRQHandler
                0x08000204                USBHS_EP1_Out_IRQHandler
 .text          0x08000220       0x10 C:/Users/15313/scoop/apps/gcc-arm-none-eabi/15.2.rel1/bin/../lib/gcc/arm-none-eabi/15.2.1/../../../../arm-none-eabi/lib/thumb/v7e-m+fp/hard\libc_nano.a(libc_a-strlen.o)
                0x08000220                strlen
 .text          0x08000230       0xa0 C:/Users/15313/scoop/apps/gcc-arm-none-eabi/15.2.rel1/bin/../lib/gcc/arm-none-eabi/15.2.1/../../../../arm-none-eabi/lib/thumb/v7e-m+fp/hard\libc_nano.a(libc_a-memchr.o)
                0x08000230                memchr
 *(.text*)
 .text.deregister_tm_clones
                0x080002d0       0x1c C:/Users/15313/scoop/apps/gcc-arm-none-eabi/15.2.rel1/bin/../lib/gcc/arm-none-eabi/15.2.1/thumb/v7e-m+fp/hard/crtbegin.o
 .text.register_tm_clones
                0x080002ec       0x24 C:/Users/15313/scoop/apps/gcc-arm-none-eabi/15.2.rel1/bin/../lib/gcc/arm-none-eabi/15.2.1/thumb/v7e-m+fp/hard/crtbegin.o
 .text.__do_global_dtors_aux
                0x08000310       0x28 C:/Users/15313/scoop/apps/gcc-arm-none-eabi/15.2.rel1/bin/../lib/gcc/arm-none-eabi/15.2.1/thumb/v7e-m+fp/hard/crtbegin.o
 .text.frame_dummy
                0x08000338       0x24 C:/Users/15313/scoop/apps/gcc-arm-none-eabi/15.2.rel1/bin/../lib/gcc/arm-none-eabi/15.2.1/thumb/v7e-m+fp/hard/crtbegin.o
 .text.memset   0x0800035c       0x10 C:/Users/15313/scoop/apps/gcc-arm-none-eabi/15.2.rel1/bin/../lib/gcc/arm-none-eabi/15.2.1/../../../../arm-none-eabi/lib/thumb/v7e-m+fp/hard\libc_nano.a(libc_a-memset.o)
                0x0800035c                memset
 .text.__retarget_lock_acquire_recursive
                0x0800036c        0x2 C:/Users/15313/scoop/apps/gcc-arm-none-eabi/15.2.rel1/bin/../lib/gcc/arm-none-eabi/15.2.1/../../../../arm-none-eabi/lib/thumb/v7e-m+fp/hard\libc_nano.a(libc_a-lock.o)
                0x0800036c                __retarget_lock_acquire_recursive
 .text.__retarget_lock_release_recursive
                0x0800036e        0x2 C:/Users/15313/scoop/apps/gcc-arm-none-eabi/15.2.rel1/bin/../lib/gcc/arm-none-eabi/15.2.1/../../../../arm-none-eabi/lib/thumb/v7e-m+fp/hard\libc_nano.a(libc_a-lock.o)
                0x0800036e                __retarget_lock_release_recursive
 .text._free_r  0x08000370       0x98 C:/Users/15313/scoop/apps/gcc-arm-none-eabi/15.2.rel1/bin/../lib/gcc/arm-none-eabi/15.2.1/../../../../arm-none-eabi/lib/thumb/v7e-m+fp/hard\libc_nano.a(libc_a-freer.o)
                0x08000370                _free_r
 .text.sbrk_aligned
                0x08000408       0x44 C:/Users/15313/scoop/apps/gcc-arm-none-eabi/15.2.rel1/bin/../lib/gcc/arm-none-eabi/15.2.1/../../../../arm-none-eabi/lib/thumb/v7e-m+fp/hard\libc_nano.a(libc_a-mallocr.o)
 .text._malloc_r
                0x0800044c       0xf8 C:/Users/15313/scoop/apps/gcc-arm-none-eabi/15.2.rel1/bin/../lib/gcc/arm-none-eabi/15.2.1/../../../../arm-none-eabi/lib/thumb/v7e-m+fp/hard\libc_nano.a(libc_a-mallocr.o)
                0x0800044c                _malloc_r
 .text.__malloc_lock
                0x08000544        0xc C:/Users/15313/scoop/apps/gcc-arm-none-eabi/15.2.rel1/bin/../lib/gcc/arm-none-eabi/15.2.1/../../../../arm-none-eabi/lib/thumb/v7e-m+fp/hard\libc_nano.a(libc_a-mlock.o)
                0x08000544                __malloc_lock
 .text.__malloc_unlock
                0x08000550        0xc C:/Users/15313/scoop/apps/gcc-arm-none-eabi/15.2.rel1/bin/../lib/gcc/arm-none-eabi/15.2.1/../../../../arm-none-eabi/lib/thumb/v7e-m+fp/hard\libc_nano.a(libc_a-mlock.o)
                0x08000550                __malloc_unlock
 .text._sbrk_r  0x0800055c       0x20 C:/Users/15313/scoop/apps/gcc-arm-none-eabi/15.2.rel1/bin/../lib/gcc/arm-none-eabi/15.2.1/../../../../arm-none-eabi/lib/thumb/v7e-m+fp/hard\libc_nano.a(libc_a-sbrkr.o)
                0x0800055c                _sbrk_r
 .text._sbrk    0x0800057c       0x1c C:/Users/15313/scoop/apps/gcc-arm-none-eabi/15.2.rel1/bin/../lib/gcc/arm-none-eabi/15.2.1/../../../../arm-none-eabi/lib/thumb/v7e-m+fp/hard\libnosys.a(sbrk.o)
                0x0800057c                _sbrk
 .text.debug_printf.constprop.0
                0x08000598       0x40 CMakeFiles/STUDYGUARD_A_U1P.dir/C_/Users/15313/Desktop/HW/intern/project/StudyGuard_A_U1P/demo/Project/Application/src/c2_demo.c.obj
 .text.print_board_addr.isra.0
                0x080005d8       0x68 CMakeFiles/STUDYGUARD_A_U1P.dir/C_/Users/15313/Desktop/HW/intern/project/StudyGuard_A_U1P/demo/Project/Application/src/c2_demo.c.obj
 .text.startup.main
                0x08000640      0x4d4 CMakeFiles/STUDYGUARD_A_U1P.dir/C_/Users/15313/Desktop/HW/intern/project/StudyGuard_A_U1P/demo/Project/Application/src/c2_demo.c.obj
                0x08000640                main
 .text.uart_init
                0x08000b14      0x118 CMakeFiles/STUDYGUARD_A_U1P.dir/C_/Users/15313/Desktop/HW/intern/project/StudyGuard_A_U1P/demo/Project/GD32F470Z_BSP/src/uart.c.obj
                0x08000b14                uart_init
 .text.timer3_init
                0x08000c2c       0x4c CMakeFiles/STUDYGUARD_A_U1P.dir/C_/Users/15313/Desktop/HW/intern/project/StudyGuard_A_U1P/demo/Project/GD32F470Z_BSP/src/uart.c.obj
                0x08000c2c                timer3_init
 .text.uart_send_bytes
                0x08000c78       0x38 CMakeFiles/STUDYGUARD_A_U1P.dir/C_/Users/15313/Desktop/HW/intern/project/StudyGuard_A_U1P/demo/Project/GD32F470Z_BSP/src/uart.c.obj
                0x08000c78                uart_send_bytes
 .text.uart_rece_bytes
                0x08000cb0       0xdc CMakeFiles/STUDYGUARD_A_U1P.dir/C_/Users/15313/Desktop/HW/intern/project/StudyGuard_A_U1P/demo/Project/GD32F470Z_BSP/src/uart.c.obj
                0x08000cb0                uart_rece_bytes
 .text.delay_ms
                0x08000d8c       0x14 CMakeFiles/STUDYGUARD_A_U1P.dir/C_/Users/15313/Desktop/HW/intern/project/StudyGuard_A_U1P/demo/Project/GD32F470Z_BSP/src/uart.c.obj
                0x08000d8c                delay_ms
 .text.TIMER3_IRQHandler
                0x08000da0       0x88 CMakeFiles/STUDYGUARD_A_U1P.dir/C_/Users/15313/Desktop/HW/intern/project/StudyGuard_A_U1P/demo/Project/GD32F470Z_BSP/src/uart.c.obj
                0x08000da0                TIMER3_IRQHandler
 .text.USART0_IRQHandler
                0x08000e28       0x58 CMakeFiles/STUDYGUARD_A_U1P.dir/C_/Users/15313/Desktop/HW/intern/project/StudyGuard_A_U1P/demo/Project/GD32F470Z_BSP/src/uart.c.obj
                0x08000e28                USART0_IRQHandler
 .text.USART2_IRQHandler
                0x08000e80       0x50 CMakeFiles/STUDYGUARD_A_U1P.dir/C_/Users/15313/Desktop/HW/intern/project/StudyGuard_A_U1P/demo/Project/GD32F470Z_BSP/src/uart.c.obj
                0x08000e80                USART2_IRQHandler
 .text.USART5_IRQHandler
                0x08000ed0       0x58 CMakeFiles/STUDYGUARD_A_U1P.dir/C_/Users/15313/Desktop/HW/intern/project/StudyGuard_A_U1P/demo/Project/GD32F470Z_BSP/src/uart.c.obj
                0x08000ed0                USART5_IRQHandler
 .text.c2_init  0x08000f28      0x158 CMakeFiles/STUDYGUARD_A_U1P.dir/C_/Users/15313/Desktop/HW/intern/project/StudyGuard_A_U1P/demo/Project/GD32F470Z_BSP/src/c2.c.obj
                0x08000f28                c2_init
 .text.c2_broadcast_data
                0x08001080       0x44 CMakeFiles/STUDYGUARD_A_U1P.dir/C_/Users/15313/Desktop/HW/intern/project/StudyGuard_A_U1P/demo/Project/GD32F470Z_BSP/src/c2.c.obj
                0x08001080                c2_broadcast_data
 .text.i2c0_gpio_config
                0x080010c4       0x64 CMakeFiles/STUDYGUARD_A_U1P.dir/C_/Users/15313/Desktop/HW/intern/project/StudyGuard_A_U1P/demo/Project/GD32F470Z_BSP/src/i2c.c.obj
                0x080010c4                i2c0_gpio_config
 .text.i2c0_config
                0x08001128       0x3c CMakeFiles/STUDYGUARD_A_U1P.dir/C_/Users/15313/Desktop/HW/intern/project/StudyGuard_A_U1P/demo/Project/GD32F470Z_BSP/src/i2c.c.obj
                0x08001128                i2c0_config
 .text.i2c1_gpio_config
                0x08001164       0x5c CMakeFiles/STUDYGUARD_A_U1P.dir/C_/Users/15313/Desktop/HW/intern/project/StudyGuard_A_U1P/demo/Project/GD32F470Z_BSP/src/i2c.c.obj
                0x08001164                i2c1_gpio_config
 .text.i2c1_config
                0x080011c0       0x3c CMakeFiles/STUDYGUARD_A_U1P.dir/C_/Users/15313/Desktop/HW/intern/project/StudyGuard_A_U1P/demo/Project/GD32F470Z_BSP/src/i2c.c.obj
                0x080011c0                i2c1_config
 .text.i2c_addr_poll
                0x080011fc       0x94 CMakeFiles/STUDYGUARD_A_U1P.dir/C_/Users/15313/Desktop/HW/intern/project/StudyGuard_A_U1P/demo/Project/GD32F470Z_BSP/src/i2c.c.obj
                0x080011fc                i2c_addr_poll
 .text.i2c_byte_write
                0x08001290      0x164 CMakeFiles/STUDYGUARD_A_U1P.dir/C_/Users/15313/Desktop/HW/intern/project/StudyGuard_A_U1P/demo/Project/GD32F470Z_BSP/src/i2c.c.obj
                0x08001290                i2c_byte_write
 .text.i2c_read
                0x080013f4      0x27c CMakeFiles/STUDYGUARD_A_U1P.dir/C_/Users/15313/Desktop/HW/intern/project/StudyGuard_A_U1P/demo/Project/GD32F470Z_BSP/src/i2c.c.obj
                0x080013f4                i2c_read
 .text.init_i2c
                0x08001670       0x18 CMakeFiles/STUDYGUARD_A_U1P.dir/C_/Users/15313/Desktop/HW/intern/project/StudyGuard_A_U1P/demo/Project/GD32F470Z_BSP/src/i2c.c.obj
                0x08001670                init_i2c
 .text.get_board_address
                0x08001688       0x38 CMakeFiles/STUDYGUARD_A_U1P.dir/C_/Users/15313/Desktop/HW/intern/project/StudyGuard_A_U1P/demo/Project/GD32F470Z_BSP/src/i2c.c.obj
                0x08001688                get_board_address
 .text.i2c_delay_byte_write
                0x080016c0        0x4 CMakeFiles/STUDYGUARD_A_U1P.dir/C_/Users/15313/Desktop/HW/intern/project/StudyGuard_A_U1P/demo/Project/GD32F470Z_BSP/src/i2c.c.obj
                0x080016c0                i2c_delay_byte_write
 .text.i2c_delay_write
                0x080016c4      0x188 CMakeFiles/STUDYGUARD_A_U1P.dir/C_/Users/15313/Desktop/HW/intern/project/StudyGuard_A_U1P/demo/Project/GD32F470Z_BSP/src/i2c.c.obj
                0x080016c4                i2c_delay_write
 .text.i2c_delay_read
                0x0800184c        0xc CMakeFiles/STUDYGUARD_A_U1P.dir/C_/Users/15313/Desktop/HW/intern/project/StudyGuard_A_U1P/demo/Project/GD32F470Z_BSP/src/i2c.c.obj
                0x0800184c                i2c_delay_read
 .text.PcdComMS523
                0x08001858      0x234 CMakeFiles/STUDYGUARD_A_U1P.dir/C_/Users/15313/Desktop/HW/intern/project/StudyGuard_A_U1P/demo/Project/GD32F470Z_BSP/src/s5.c.obj
                0x08001858                PcdComMS523
 .text.PcdReset
                0x08001a8c       0x94 CMakeFiles/STUDYGUARD_A_U1P.dir/C_/Users/15313/Desktop/HW/intern/project/StudyGuard_A_U1P/demo/Project/GD32F470Z_BSP/src/s5.c.obj
                0x08001a8c                PcdReset
 .text.CalulateCRC
                0x08001b20       0xcc CMakeFiles/STUDYGUARD_A_U1P.dir/C_/Users/15313/Desktop/HW/intern/project/StudyGuard_A_U1P/demo/Project/GD32F470Z_BSP/src/s5.c.obj
                0x08001b20                CalulateCRC
 .text.M500PcdConfigISOType
                0x08001bec       0xbc CMakeFiles/STUDYGUARD_A_U1P.dir/C_/Users/15313/Desktop/HW/intern/project/StudyGuard_A_U1P/demo/Project/GD32F470Z_BSP/src/s5.c.obj
                0x08001bec                M500PcdConfigISOType
 .text.MFRC522_Init
                0x08001ca8       0x88 CMakeFiles/STUDYGUARD_A_U1P.dir/C_/Users/15313/Desktop/HW/intern/project/StudyGuard_A_U1P/demo/Project/GD32F470Z_BSP/src/s5.c.obj
                0x08001ca8                MFRC522_Init
 .text.PcdRequest
                0x08001d30       0xa0 CMakeFiles/STUDYGUARD_A_U1P.dir/C_/Users/15313/Desktop/HW/intern/project/StudyGuard_A_U1P/demo/Project/GD32F470Z_BSP/src/s5.c.obj
                0x08001d30                PcdRequest
 .text.PcdAnticoll
                0x08001dd0       0xe4 CMakeFiles/STUDYGUARD_A_U1P.dir/C_/Users/15313/Desktop/HW/intern/project/StudyGuard_A_U1P/demo/Project/GD32F470Z_BSP/src/s5.c.obj
                0x08001dd0                PcdAnticoll
 .text.PcdSelect
                0x08001eb4       0x94 CMakeFiles/STUDYGUARD_A_U1P.dir/C_/Users/15313/Desktop/HW/intern/project/StudyGuard_A_U1P/demo/Project/GD32F470Z_BSP/src/s5.c.obj
                0x08001eb4                PcdSelect
 .text.s5_init  0x08001f48       0x30 CMakeFiles/STUDYGUARD_A_U1P.dir/C_/Users/15313/Desktop/HW/intern/project/StudyGuard_A_U1P/demo/Project/GD32F470Z_BSP/src/s5.c.obj
                0x08001f48                s5_init
 .text.s5_detect
                0x08001f78       0x40 CMakeFiles/STUDYGUARD_A_U1P.dir/C_/Users/15313/Desktop/HW/intern/project/StudyGuard_A_U1P/demo/Project/GD32F470Z_BSP/src/s5.c.obj
                0x08001f78                s5_detect
 .text.s5_sleep
                0x08001fb8       0x3c CMakeFiles/STUDYGUARD_A_U1P.dir/C_/Users/15313/Desktop/HW/intern/project/StudyGuard_A_U1P/demo/Project/GD32F470Z_BSP/src/s5.c.obj
                0x08001fb8                s5_sleep
 .text.s7_init  0x08001ff4       0x44 CMakeFiles/STUDYGUARD_A_U1P.dir/C_/Users/15313/Desktop/HW/intern/project/StudyGuard_A_U1P/demo/Project/GD32F470Z_BSP/src/s7.c.obj
                0x08001ff4                s7_init
 .text.s8_init  0x08002038       0x34 CMakeFiles/STUDYGUARD_A_U1P.dir/C_/Users/15313/Desktop/HW/intern/project/StudyGuard_A_U1P/demo/Project/GD32F470Z_BSP/src/s8.c.obj
                0x08002038                s8_init
 .text.s8_read_sht3x
                0x0800206c       0xc4 CMakeFiles/STUDYGUARD_A_U1P.dir/C_/Users/15313/Desktop/HW/intern/project/StudyGuard_A_U1P/demo/Project/GD32F470Z_BSP/src/s8.c.obj
                0x0800206c                s8_read_sht3x
 .text.gd_eval_com_init
                0x08002130       0x88 CMakeFiles/STUDYGUARD_A_U1P.dir/C_/Users/15313/Desktop/HW/intern/project/StudyGuard_A_U1P/demo/Project/GD32F470Z_BSP/src/gd32f470z_eval.c.obj
                0x08002130                gd_eval_com_init
 .text.gpio_mode_set
                0x080021b8       0x58 CMakeFiles/STUDYGUARD_A_U1P.dir/358902cbc428f1ccc98c5bf3f28dcd0c/StudyGuard_A_U1P/Library/Firmware/GD32F4xx_standard_peripheral/Source/gd32f4xx_gpio.c.obj
                0x080021b8                gpio_mode_set
 .text.gpio_output_options_set
                0x08002210       0x4c CMakeFiles/STUDYGUARD_A_U1P.dir/358902cbc428f1ccc98c5bf3f28dcd0c/StudyGuard_A_U1P/Library/Firmware/GD32F4xx_standard_peripheral/Source/gd32f4xx_gpio.c.obj
                0x08002210                gpio_output_options_set
 .text.gpio_af_set
                0x0800225c       0x78 CMakeFiles/STUDYGUARD_A_U1P.dir/358902cbc428f1ccc98c5bf3f28dcd0c/StudyGuard_A_U1P/Library/Firmware/GD32F4xx_standard_peripheral/Source/gd32f4xx_gpio.c.obj
                0x0800225c                gpio_af_set
 .text.i2c_clock_config
                0x080022d4       0xe4 CMakeFiles/STUDYGUARD_A_U1P.dir/358902cbc428f1ccc98c5bf3f28dcd0c/StudyGuard_A_U1P/Library/Firmware/GD32F4xx_standard_peripheral/Source/gd32f4xx_i2c.c.obj
                0x080022d4                i2c_clock_config
 .text.i2c_mode_addr_config
                0x080023b8       0x18 CMakeFiles/STUDYGUARD_A_U1P.dir/358902cbc428f1ccc98c5bf3f28dcd0c/StudyGuard_A_U1P/Library/Firmware/GD32F4xx_standard_peripheral/Source/gd32f4xx_i2c.c.obj
                0x080023b8                i2c_mode_addr_config
 .text.i2c_ack_config
                0x080023d0       0x14 CMakeFiles/STUDYGUARD_A_U1P.dir/358902cbc428f1ccc98c5bf3f28dcd0c/StudyGuard_A_U1P/Library/Firmware/GD32F4xx_standard_peripheral/Source/gd32f4xx_i2c.c.obj
                0x080023d0                i2c_ack_config
 .text.i2c_ackpos_config
                0x080023e4       0x14 CMakeFiles/STUDYGUARD_A_U1P.dir/358902cbc428f1ccc98c5bf3f28dcd0c/StudyGuard_A_U1P/Library/Firmware/GD32F4xx_standard_peripheral/Source/gd32f4xx_i2c.c.obj
                0x080023e4                i2c_ackpos_config
 .text.i2c_master_addressing
                0x080023f8       0x10 CMakeFiles/STUDYGUARD_A_U1P.dir/358902cbc428f1ccc98c5bf3f28dcd0c/StudyGuard_A_U1P/Library/Firmware/GD32F4xx_standard_peripheral/Source/gd32f4xx_i2c.c.obj
                0x080023f8                i2c_master_addressing
 .text.i2c_enable
                0x08002408        0xc CMakeFiles/STUDYGUARD_A_U1P.dir/358902cbc428f1ccc98c5bf3f28dcd0c/StudyGuard_A_U1P/Library/Firmware/GD32F4xx_standard_peripheral/Source/gd32f4xx_i2c.c.obj
                0x08002408                i2c_enable
 .text.i2c_start_on_bus
                0x08002414        0xc CMakeFiles/STUDYGUARD_A_U1P.dir/358902cbc428f1ccc98c5bf3f28dcd0c/StudyGuard_A_U1P/Library/Firmware/GD32F4xx_standard_peripheral/Source/gd32f4xx_i2c.c.obj
                0x08002414                i2c_start_on_bus
 .text.i2c_stop_on_bus
                0x08002420        0xc CMakeFiles/STUDYGUARD_A_U1P.dir/358902cbc428f1ccc98c5bf3f28dcd0c/StudyGuard_A_U1P/Library/Firmware/GD32F4xx_standard_peripheral/Source/gd32f4xx_i2c.c.obj
                0x08002420                i2c_stop_on_bus
 .text.i2c_data_transmit
                0x0800242c        0x4 CMakeFiles/STUDYGUARD_A_U1P.dir/358902cbc428f1ccc98c5bf3f28dcd0c/StudyGuard_A_U1P/Library/Firmware/GD32F4xx_standard_peripheral/Source/gd32f4xx_i2c.c.obj
                0x0800242c                i2c_data_transmit
 .text.i2c_data_receive
                0x08002430        0x8 CMakeFiles/STUDYGUARD_A_U1P.dir/358902cbc428f1ccc98c5bf3f28dcd0c/StudyGuard_A_U1P/Library/Firmware/GD32F4xx_standard_peripheral/Source/gd32f4xx_i2c.c.obj
                0x08002430                i2c_data_receive
 .text.i2c_flag_get
                0x08002438       0x10 CMakeFiles/STUDYGUARD_A_U1P.dir/358902cbc428f1ccc98c5bf3f28dcd0c/StudyGuard_A_U1P/Library/Firmware/GD32F4xx_standard_peripheral/Source/gd32f4xx_i2c.c.obj
                0x08002438                i2c_flag_get
 .text.i2c_flag_clear
                0x08002448       0x28 CMakeFiles/STUDYGUARD_A_U1P.dir/358902cbc428f1ccc98c5bf3f28dcd0c/StudyGuard_A_U1P/Library/Firmware/GD32F4xx_standard_peripheral/Source/gd32f4xx_i2c.c.obj
                0x08002448                i2c_flag_clear
 .text.nvic_priority_group_set
                0x08002470       0x14 CMakeFiles/STUDYGUARD_A_U1P.dir/358902cbc428f1ccc98c5bf3f28dcd0c/StudyGuard_A_U1P/Library/Firmware/GD32F4xx_standard_peripheral/Source/gd32f4xx_misc.c.obj
                0x08002470                nvic_priority_group_set
 .text.nvic_irq_enable
                0x08002484       0xa4 CMakeFiles/STUDYGUARD_A_U1P.dir/358902cbc428f1ccc98c5bf3f28dcd0c/StudyGuard_A_U1P/Library/Firmware/GD32F4xx_standard_peripheral/Source/gd32f4xx_misc.c.obj
                0x08002484                nvic_irq_enable
 .text.rcu_periph_clock_enable
                0x08002528       0x1c CMakeFiles/STUDYGUARD_A_U1P.dir/358902cbc428f1ccc98c5bf3f28dcd0c/StudyGuard_A_U1P/Library/Firmware/GD32F4xx_standard_peripheral/Source/gd32f4xx_rcu.c.obj
                0x08002528                rcu_periph_clock_enable
 .text.rcu_periph_reset_enable
                0x08002544       0x1c CMakeFiles/STUDYGUARD_A_U1P.dir/358902cbc428f1ccc98c5bf3f28dcd0c/StudyGuard_A_U1P/Library/Firmware/GD32F4xx_standard_peripheral/Source/gd32f4xx_rcu.c.obj
                0x08002544                rcu_periph_reset_enable
 .text.rcu_periph_reset_disable
                0x08002560       0x1c CMakeFiles/STUDYGUARD_A_U1P.dir/358902cbc428f1ccc98c5bf3f28dcd0c/StudyGuard_A_U1P/Library/Firmware/GD32F4xx_standard_peripheral/Source/gd32f4xx_rcu.c.obj
                0x08002560                rcu_periph_reset_disable
 .text.rcu_clock_freq_get
                0x0800257c       0xd4 CMakeFiles/STUDYGUARD_A_U1P.dir/358902cbc428f1ccc98c5bf3f28dcd0c/StudyGuard_A_U1P/Library/Firmware/GD32F4xx_standard_peripheral/Source/gd32f4xx_rcu.c.obj
                0x0800257c                rcu_clock_freq_get
 .text.timer_deinit
                0x08002650      0x1a0 CMakeFiles/STUDYGUARD_A_U1P.dir/ace3b6aeb82fb8b3f67bedc32baf1933/Library/Firmware/GD32F4xx_standard_peripheral/Source/gd32f4xx_timer.c.obj
                0x08002650                timer_deinit
 .text.timer_init
                0x080027f0       0x88 CMakeFiles/STUDYGUARD_A_U1P.dir/ace3b6aeb82fb8b3f67bedc32baf1933/Library/Firmware/GD32F4xx_standard_peripheral/Source/gd32f4xx_timer.c.obj
                0x080027f0                timer_init
 .text.timer_enable
                0x08002878        0xc CMakeFiles/STUDYGUARD_A_U1P.dir/ace3b6aeb82fb8b3f67bedc32baf1933/Library/Firmware/GD32F4xx_standard_peripheral/Source/gd32f4xx_timer.c.obj
                0x08002878                timer_enable
 .text.timer_interrupt_enable
                0x08002884        0x8 CMakeFiles/STUDYGUARD_A_U1P.dir/ace3b6aeb82fb8b3f67bedc32baf1933/Library/Firmware/GD32F4xx_standard_peripheral/Source/gd32f4xx_timer.c.obj
                0x08002884                timer_interrupt_enable
 .text.timer_interrupt_flag_get
                0x0800288c       0x18 CMakeFiles/STUDYGUARD_A_U1P.dir/ace3b6aeb82fb8b3f67bedc32baf1933/Library/Firmware/GD32F4xx_standard_peripheral/Source/gd32f4xx_timer.c.obj
                0x0800288c                timer_interrupt_flag_get
 .text.timer_interrupt_flag_clear
                0x080028a4        0x8 CMakeFiles/STUDYGUARD_A_U1P.dir/ace3b6aeb82fb8b3f67bedc32baf1933/Library/Firmware/GD32F4xx_standard_peripheral/Source/gd32f4xx_timer.c.obj
                0x080028a4                timer_interrupt_flag_clear
 .text.usart_deinit
                0x080028ac       0xf0 CMakeFiles/STUDYGUARD_A_U1P.dir/ace3b6aeb82fb8b3f67bedc32baf1933/Library/Firmware/GD32F4xx_standard_peripheral/Source/gd32f4xx_usart.c.obj
                0x080028ac                usart_deinit
 .text.usart_baudrate_set
                0x0800299c       0xa8 CMakeFiles/STUDYGUARD_A_U1P.dir/ace3b6aeb82fb8b3f67bedc32baf1933/Library/Firmware/GD32F4xx_standard_peripheral/Source/gd32f4xx_usart.c.obj
                0x0800299c                usart_baudrate_set
 .text.usart_enable
                0x08002a44        0xc CMakeFiles/STUDYGUARD_A_U1P.dir/ace3b6aeb82fb8b3f67bedc32baf1933/Library/Firmware/GD32F4xx_standard_peripheral/Source/gd32f4xx_usart.c.obj
                0x08002a44                usart_enable
 .text.usart_transmit_config
                0x08002a50        0xc CMakeFiles/STUDYGUARD_A_U1P.dir/ace3b6aeb82fb8b3f67bedc32baf1933/Library/Firmware/GD32F4xx_standard_peripheral/Source/gd32f4xx_usart.c.obj
                0x08002a50                usart_transmit_config
 .text.usart_receive_config
                0x08002a5c        0xc CMakeFiles/STUDYGUARD_A_U1P.dir/ace3b6aeb82fb8b3f67bedc32baf1933/Library/Firmware/GD32F4xx_standard_peripheral/Source/gd32f4xx_usart.c.obj
                0x08002a5c                usart_receive_config
 .text.usart_data_transmit
                0x08002a68        0x8 CMakeFiles/STUDYGUARD_A_U1P.dir/ace3b6aeb82fb8b3f67bedc32baf1933/Library/Firmware/GD32F4xx_standard_peripheral/Source/gd32f4xx_usart.c.obj
                0x08002a68                usart_data_transmit
 .text.usart_data_receive
                0x08002a70        0x8 CMakeFiles/STUDYGUARD_A_U1P.dir/ace3b6aeb82fb8b3f67bedc32baf1933/Library/Firmware/GD32F4xx_standard_peripheral/Source/gd32f4xx_usart.c.obj
                0x08002a70                usart_data_receive
 .text.usart_flag_get
                0x08002a78       0x10 CMakeFiles/STUDYGUARD_A_U1P.dir/ace3b6aeb82fb8b3f67bedc32baf1933/Library/Firmware/GD32F4xx_standard_peripheral/Source/gd32f4xx_usart.c.obj
                0x08002a78                usart_flag_get
 .text.usart_interrupt_enable
                0x08002a88       0x18 CMakeFiles/STUDYGUARD_A_U1P.dir/ace3b6aeb82fb8b3f67bedc32baf1933/Library/Firmware/GD32F4xx_standard_peripheral/Source/gd32f4xx_usart.c.obj
                0x08002a88                usart_interrupt_enable
 .text.usart_interrupt_flag_get
                0x08002aa0       0x34 CMakeFiles/STUDYGUARD_A_U1P.dir/ace3b6aeb82fb8b3f67bedc32baf1933/Library/Firmware/GD32F4xx_standard_peripheral/Source/gd32f4xx_usart.c.obj
                0x08002aa0                usart_interrupt_flag_get
 .text.usart_interrupt_flag_clear
                0x08002ad4       0x1c CMakeFiles/STUDYGUARD_A_U1P.dir/ace3b6aeb82fb8b3f67bedc32baf1933/Library/Firmware/GD32F4xx_standard_peripheral/Source/gd32f4xx_usart.c.obj
                0x08002ad4                usart_interrupt_flag_clear
 .text.SystemInit
                0x08002af0      0x174 CMakeFiles/STUDYGUARD_A_U1P.dir/C_/Users/15313/Desktop/HW/intern/project/StudyGuard_A_U1P/Library/Firmware/CMSIS/GD/GD32F4xx/Source/system_gd32f4xx.c.obj
                0x08002af0                SystemInit
 .text.sprintf  0x08002c64       0x44 C:/Users/15313/scoop/apps/gcc-arm-none-eabi/15.2.rel1/bin/../lib/gcc/arm-none-eabi/15.2.1/../../../../arm-none-eabi/lib/thumb/v7e-m+fp/hard\libc_nano.a(libc_a-sprintf.o)
                0x08002c64                siprintf
                0x08002c64                sprintf
 .text.memcpy   0x08002ca8       0x1c C:/Users/15313/scoop/apps/gcc-arm-none-eabi/15.2.rel1/bin/../lib/gcc/arm-none-eabi/15.2.1/../../../../arm-none-eabi/lib/thumb/v7e-m+fp/hard\libc_nano.a(libc_a-memcpy-stub.o)
                0x08002ca8                memcpy
 .text.__ssputs_r
                0x08002cc4       0xc0 C:/Users/15313/scoop/apps/gcc-arm-none-eabi/15.2.rel1/bin/../lib/gcc/arm-none-eabi/15.2.1/../../../../arm-none-eabi/lib/thumb/v7e-m+fp/hard\libc_nano.a(libc_a-nano-svfprintf.o)
                0x08002cc4                __ssputs_r
 .text._svfprintf_r
                0x08002d84      0x1f0 C:/Users/15313/scoop/apps/gcc-arm-none-eabi/15.2.rel1/bin/../lib/gcc/arm-none-eabi/15.2.1/../../../../arm-none-eabi/lib/thumb/v7e-m+fp/hard\libc_nano.a(libc_a-nano-svfprintf.o)
                0x08002d84                _svfiprintf_r
                0x08002d84                _svfprintf_r
 .text._printf_common
                0x08002f74       0xea C:/Users/15313/scoop/apps/gcc-arm-none-eabi/15.2.rel1/bin/../lib/gcc/arm-none-eabi/15.2.1/../../../../arm-none-eabi/lib/thumb/v7e-m+fp/hard\libc_nano.a(libc_a-nano-vfprintf_i.o)
                0x08002f74                _printf_common
 *fill*         0x0800305e        0x2 
 .text._printf_i
                0x08003060      0x254 C:/Users/15313/scoop/apps/gcc-arm-none-eabi/15.2.rel1/bin/../lib/gcc/arm-none-eabi/15.2.1/../../../../arm-none-eabi/lib/thumb/v7e-m+fp/hard\libc_nano.a(libc_a-nano-vfprintf_i.o)
                0x08003060                _printf_i
 .text.memmove  0x080032b4       0x32 C:/Users/15313/scoop/apps/gcc-arm-none-eabi/15.2.rel1/bin/../lib/gcc/arm-none-eabi/15.2.1/../../../../arm-none-eabi/lib/thumb/v7e-m+fp/hard\libc_nano.a(libc_a-memmove.o)
                0x080032b4                memmove
 .text._realloc_r
                0x080032e6       0x5c C:/Users/15313/scoop/apps/gcc-arm-none-eabi/15.2.rel1/bin/../lib/gcc/arm-none-eabi/15.2.1/../../../../arm-none-eabi/lib/thumb/v7e-m+fp/hard\libc_nano.a(libc_a-reallocr.o)
                0x080032e6                _realloc_r
 .text._malloc_usable_size_r
                0x08003342       0x10 C:/Users/15313/scoop/apps/gcc-arm-none-eabi/15.2.rel1/bin/../lib/gcc/arm-none-eabi/15.2.1/../../../../arm-none-eabi/lib/thumb/v7e-m+fp/hard\libc_nano.a(libc_a-msizer.o)
                0x08003342                _malloc_usable_size_r
 *(.glue_7)
 .glue_7        0x08003352        0x0 linker stubs
 *(.glue_7t)
 .glue_7t       0x08003352        0x0 linker stubs
 *(.eh_frame)
 *fill*         0x08003352        0x2 
 .eh_frame      0x08003354        0x0 C:/Users/15313/scoop/apps/gcc-arm-none-eabi/15.2.rel1/bin/../lib/gcc/arm-none-eabi/15.2.1/thumb/v7e-m+fp/hard/crtbegin.o
 *(.init)
 .init          0x08003354        0x4 C:/Users/15313/scoop/apps/gcc-arm-none-eabi/15.2.rel1/bin/../lib/gcc/arm-none-eabi/15.2.1/thumb/v7e-m+fp/hard/crti.o
                0x08003354                _init
 .init          0x08003358        0x8 C:/Users/15313/scoop/apps/gcc-arm-none-eabi/15.2.rel1/bin/../lib/gcc/arm-none-eabi/15.2.1/thumb/v7e-m+fp/hard/crtn.o
 *(.fini)
 .fini          0x08003360        0x4 C:/Users/15313/scoop/apps/gcc-arm-none-eabi/15.2.rel1/bin/../lib/gcc/arm-none-eabi/15.2.1/thumb/v7e-m+fp/hard/crti.o
                0x08003360                _fini
 .fini          0x08003364        0x8 C:/Users/15313/scoop/apps/gcc-arm-none-eabi/15.2.rel1/bin/../lib/gcc/arm-none-eabi/15.2.1/thumb/v7e-m+fp/hard/crtn.o
                0x0800336c                        . = ALIGN (0x4)
                0x0800336c                        _etext = .

.vfp11_veneer   0x0800336c        0x0
 .vfp11_veneer  0x0800336c        0x0 linker stubs

.v4_bx          0x0800336c        0x0
 .v4_bx         0x0800336c        0x0 linker stubs

.iplt           0x0800336c        0x0
 .iplt          0x0800336c        0x0 C:/Users/15313/scoop/apps/gcc-arm-none-eabi/15.2.rel1/bin/../lib/gcc/arm-none-eabi/15.2.1/thumb/v7e-m+fp/hard/crtbegin.o

.rodata         0x0800336c      0x3e0
                0x0800336c                        . = ALIGN (0x4)
 *(.rodata)
 .rodata        0x0800336c        0x5 CMakeFiles/STUDYGUARD_A_U1P.dir/C_/Users/15313/Desktop/HW/intern/project/StudyGuard_A_U1P/demo/Project/GD32F470Z_BSP/src/c2.c.obj
 *fill*         0x08003371        0x3 
 .rodata        0x08003374      0x100 CMakeFiles/STUDYGUARD_A_U1P.dir/C_/Users/15313/Desktop/HW/intern/project/StudyGuard_A_U1P/demo/Project/GD32F470Z_BSP/src/s8.c.obj
 .rodata        0x08003474       0x18 CMakeFiles/STUDYGUARD_A_U1P.dir/358902cbc428f1ccc98c5bf3f28dcd0c/StudyGuard_A_U1P/Library/Firmware/GD32F4xx_standard_peripheral/Source/gd32f4xx_rcu.c.obj
 *(.rodata*)
 .rodata.print_board_addr.isra.0.str1.4
                0x0800348c      0x28a CMakeFiles/STUDYGUARD_A_U1P.dir/C_/Users/15313/Desktop/HW/intern/project/StudyGuard_A_U1P/demo/Project/Application/src/c2_demo.c.obj
                                 0x4d (size before relaxing)
 .rodata.main.str1.4
                0x08003716        0x0 CMakeFiles/STUDYGUARD_A_U1P.dir/C_/Users/15313/Desktop/HW/intern/project/StudyGuard_A_U1P/demo/Project/Application/src/c2_demo.c.obj
                                0x22c (size before relaxing)
 .rodata.c2_init.str1.4
                0x08003716        0x0 CMakeFiles/STUDYGUARD_A_U1P.dir/C_/Users/15313/Desktop/HW/intern/project/StudyGuard_A_U1P/demo/Project/GD32F470Z_BSP/src/c2.c.obj
                                 0x16 (size before relaxing)
 .rodata._svfprintf_r.str1.1
                0x08003716       0x33 C:/Users/15313/scoop/apps/gcc-arm-none-eabi/15.2.rel1/bin/../lib/gcc/arm-none-eabi/15.2.1/../../../../arm-none-eabi/lib/thumb/v7e-m+fp/hard\libc_nano.a(libc_a-nano-svfprintf.o)
                                 0x11 (size before relaxing)
 .rodata._printf_i.str1.1
                0x08003749        0x0 C:/Users/15313/scoop/apps/gcc-arm-none-eabi/15.2.rel1/bin/../lib/gcc/arm-none-eabi/15.2.1/../../../../arm-none-eabi/lib/thumb/v7e-m+fp/hard\libc_nano.a(libc_a-nano-vfprintf_i.o)
                                 0x22 (size before relaxing)
                0x0800374c                        . = ALIGN (0x4)
 *fill*         0x08003749        0x3 

.ARM.extab
 *(.ARM.extab* .gnu.linkonce.armextab.*)

.ARM            0x0800374c        0x8
                0x0800374c                        __exidx_start = .
 *(.ARM.exidx*)
 .ARM.exidx     0x0800374c        0x8 C:/Users/15313/scoop/apps/gcc-arm-none-eabi/15.2.rel1/bin/../lib/gcc/arm-none-eabi/15.2.1/../../../../arm-none-eabi/lib/thumb/v7e-m+fp/hard\libc_nano.a(libc_a-strlen.o)
 .ARM.exidx     0x08003754        0x0 C:/Users/15313/scoop/apps/gcc-arm-none-eabi/15.2.rel1/bin/../lib/gcc/arm-none-eabi/15.2.1/../../../../arm-none-eabi/lib/thumb/v7e-m+fp/hard\libc_nano.a(libc_a-memchr.o)
                                  0x8 (size before relaxing)
                0x08003754                        __exidx_end = .

.rel.dyn        0x08003754        0x0
 .rel.iplt      0x08003754        0x0 C:/Users/15313/scoop/apps/gcc-arm-none-eabi/15.2.rel1/bin/../lib/gcc/arm-none-eabi/15.2.1/thumb/v7e-m+fp/hard/crtbegin.o

.preinit_array  0x08003754        0x0
                0x08003754                        PROVIDE (__preinit_array_start = .)
 *(.preinit_array*)
                0x08003754                        PROVIDE (__preinit_array_end = .)

.init_array     0x08003754        0x4
                0x08003754                        PROVIDE (__init_array_start = .)
 *(SORT_BY_NAME(.init_array.*))
 *(.init_array*)
 .init_array    0x08003754        0x4 C:/Users/15313/scoop/apps/gcc-arm-none-eabi/15.2.rel1/bin/../lib/gcc/arm-none-eabi/15.2.1/thumb/v7e-m+fp/hard/crtbegin.o
                0x08003758                        PROVIDE (__init_array_end = .)

.fini_array     0x08003758        0x4
                [!provide]                        PROVIDE (__fini_array_start = .)
 *(SORT_BY_NAME(.fini_array.*))
 *(.fini_array*)
 .fini_array    0x08003758        0x4 C:/Users/15313/scoop/apps/gcc-arm-none-eabi/15.2.rel1/bin/../lib/gcc/arm-none-eabi/15.2.1/thumb/v7e-m+fp/hard/crtbegin.o
                [!provide]                        PROVIDE (__fini_array_end = .)
                0x0800375c                        _sidata = LOADADDR (.data)

.data           0x20000000       0x54 load address 0x0800375c
                0x20000000                        . = ALIGN (0x4)
                0x20000000                        _sdata = .
 *(.data)
 *(.data*)
 .data._impure_ptr
                0x20000000        0x4 C:/Users/15313/scoop/apps/gcc-arm-none-eabi/15.2.rel1/bin/../lib/gcc/arm-none-eabi/15.2.1/../../../../arm-none-eabi/lib/thumb/v7e-m+fp/hard\libc_nano.a(libc_a-impure.o)
                0x20000000                _impure_ptr
 .data._impure_data
                0x20000004       0x4c C:/Users/15313/scoop/apps/gcc-arm-none-eabi/15.2.rel1/bin/../lib/gcc/arm-none-eabi/15.2.1/../../../../arm-none-eabi/lib/thumb/v7e-m+fp/hard\libc_nano.a(libc_a-impure.o)
                0x20000004                _impure_data
 .data.last_human
                0x20000050        0x1 CMakeFiles/STUDYGUARD_A_U1P.dir/C_/Users/15313/Desktop/HW/intern/project/StudyGuard_A_U1P/demo/Project/Application/src/c2_demo.c.obj
                0x20000054                        . = ALIGN (0x4)
 *fill*         0x20000051        0x3 
                0x20000054                        _edata = .

.tm_clone_table
                0x20000054        0x0 load address 0x080037b0
 .tm_clone_table
                0x20000054        0x0 C:/Users/15313/scoop/apps/gcc-arm-none-eabi/15.2.rel1/bin/../lib/gcc/arm-none-eabi/15.2.1/thumb/v7e-m+fp/hard/crtbegin.o
 .tm_clone_table
                0x20000054        0x0 C:/Users/15313/scoop/apps/gcc-arm-none-eabi/15.2.rel1/bin/../lib/gcc/arm-none-eabi/15.2.1/thumb/v7e-m+fp/hard/crtend.o

.igot.plt       0x20000054        0x0 load address 0x080037b0
 .igot.plt      0x20000054        0x0 C:/Users/15313/scoop/apps/gcc-arm-none-eabi/15.2.rel1/bin/../lib/gcc/arm-none-eabi/15.2.1/thumb/v7e-m+fp/hard/crtbegin.o

.bss            0x20000054      0x854 load address 0x080037b0
                0x20000054                        . = ALIGN (0x4)
                0x20000054                        _sbss = .
                0x20000054                        __bss_start__ = _sbss
 *(.bss)
 *(.bss*)
 .bss.completed.1
                0x20000054        0x1 C:/Users/15313/scoop/apps/gcc-arm-none-eabi/15.2.rel1/bin/../lib/gcc/arm-none-eabi/15.2.1/thumb/v7e-m+fp/hard/crtbegin.o
 *fill*         0x20000055        0x3 
 .bss.object.0  0x20000058       0x18 C:/Users/15313/scoop/apps/gcc-arm-none-eabi/15.2.rel1/bin/../lib/gcc/arm-none-eabi/15.2.1/thumb/v7e-m+fp/hard/crtbegin.o
 .bss.__sf      0x20000070      0x138 C:/Users/15313/scoop/apps/gcc-arm-none-eabi/15.2.rel1/bin/../lib/gcc/arm-none-eabi/15.2.1/../../../../arm-none-eabi/lib/thumb/v7e-m+fp/hard\libc_nano.a(libc_a-findfp.o)
                0x20000070                __sf
 .bss.errno     0x200001a8        0x4 C:/Users/15313/scoop/apps/gcc-arm-none-eabi/15.2.rel1/bin/../lib/gcc/arm-none-eabi/15.2.1/../../../../arm-none-eabi/lib/thumb/v7e-m+fp/hard\libc_nano.a(libc_a-reent.o)
                0x200001a8                errno
 .bss.__lock___malloc_recursive_mutex
                0x200001ac        0x1 C:/Users/15313/scoop/apps/gcc-arm-none-eabi/15.2.rel1/bin/../lib/gcc/arm-none-eabi/15.2.1/../../../../arm-none-eabi/lib/thumb/v7e-m+fp/hard\libc_nano.a(libc_a-lock.o)
                0x200001ac                __lock___malloc_recursive_mutex
 *fill*         0x200001ad        0x3 
 .bss.__malloc_sbrk_start
                0x200001b0        0x4 C:/Users/15313/scoop/apps/gcc-arm-none-eabi/15.2.rel1/bin/../lib/gcc/arm-none-eabi/15.2.1/../../../../arm-none-eabi/lib/thumb/v7e-m+fp/hard\libc_nano.a(libc_a-mallocr.o)
                0x200001b0                __malloc_sbrk_start
 .bss.__malloc_free_list
                0x200001b4        0x4 C:/Users/15313/scoop/apps/gcc-arm-none-eabi/15.2.rel1/bin/../lib/gcc/arm-none-eabi/15.2.1/../../../../arm-none-eabi/lib/thumb/v7e-m+fp/hard\libc_nano.a(libc_a-mallocr.o)
                0x200001b4                __malloc_free_list
 .bss.heap_end.0
                0x200001b8        0x4 C:/Users/15313/scoop/apps/gcc-arm-none-eabi/15.2.rel1/bin/../lib/gcc/arm-none-eabi/15.2.1/../../../../arm-none-eabi/lib/thumb/v7e-m+fp/hard\libnosys.a(sbrk.o)
 .bss.elapsed_ms.0
                0x200001bc        0x4 CMakeFiles/STUDYGUARD_A_U1P.dir/C_/Users/15313/Desktop/HW/intern/project/StudyGuard_A_U1P/demo/Project/Application/src/c2_demo.c.obj
 .bss.last_card_uid
                0x200001c0        0x4 CMakeFiles/STUDYGUARD_A_U1P.dir/C_/Users/15313/Desktop/HW/intern/project/StudyGuard_A_U1P/demo/Project/Application/src/c2_demo.c.obj
 .bss.card_present
                0x200001c4        0x1 CMakeFiles/STUDYGUARD_A_U1P.dir/C_/Users/15313/Desktop/HW/intern/project/StudyGuard_A_U1P/demo/Project/Application/src/c2_demo.c.obj
 *fill*         0x200001c5        0x3 
 .bss.s8_addr   0x200001c8        0xc CMakeFiles/STUDYGUARD_A_U1P.dir/C_/Users/15313/Desktop/HW/intern/project/StudyGuard_A_U1P/demo/Project/Application/src/c2_demo.c.obj
 .bss.s7_addr   0x200001d4        0xc CMakeFiles/STUDYGUARD_A_U1P.dir/C_/Users/15313/Desktop/HW/intern/project/StudyGuard_A_U1P/demo/Project/Application/src/c2_demo.c.obj
 .bss.s5_addr   0x200001e0        0xc CMakeFiles/STUDYGUARD_A_U1P.dir/C_/Users/15313/Desktop/HW/intern/project/StudyGuard_A_U1P/demo/Project/Application/src/c2_demo.c.obj
 .bss.print_buffer
                0x200001ec       0xa0 CMakeFiles/STUDYGUARD_A_U1P.dir/C_/Users/15313/Desktop/HW/intern/project/StudyGuard_A_U1P/demo/Project/Application/src/c2_demo.c.obj
 .bss.delay_count
                0x2000028c        0x2 CMakeFiles/STUDYGUARD_A_U1P.dir/C_/Users/15313/Desktop/HW/intern/project/StudyGuard_A_U1P/demo/Project/GD32F470Z_BSP/src/uart.c.obj
                0x2000028c                delay_count
 .bss.Uart5_RecvCnt
                0x2000028e        0x2 CMakeFiles/STUDYGUARD_A_U1P.dir/C_/Users/15313/Desktop/HW/intern/project/StudyGuard_A_U1P/demo/Project/GD32F470Z_BSP/src/uart.c.obj
                0x2000028e                Uart5_RecvCnt
 .bss.Uart5_RecvFlag
                0x20000290        0x1 CMakeFiles/STUDYGUARD_A_U1P.dir/C_/Users/15313/Desktop/HW/intern/project/StudyGuard_A_U1P/demo/Project/GD32F470Z_BSP/src/uart.c.obj
                0x20000290                Uart5_RecvFlag
 *fill*         0x20000291        0x1 
 .bss.Uart5_RecvLenth
                0x20000292        0x2 CMakeFiles/STUDYGUARD_A_U1P.dir/C_/Users/15313/Desktop/HW/intern/project/StudyGuard_A_U1P/demo/Project/GD32F470Z_BSP/src/uart.c.obj
                0x20000292                Uart5_RecvLenth
 .bss.Uart5_RecvBuffer
                0x20000294      0x200 CMakeFiles/STUDYGUARD_A_U1P.dir/C_/Users/15313/Desktop/HW/intern/project/StudyGuard_A_U1P/demo/Project/GD32F470Z_BSP/src/uart.c.obj
                0x20000294                Uart5_RecvBuffer
 .bss.Uart2_RecvCnt
                0x20000494        0x2 CMakeFiles/STUDYGUARD_A_U1P.dir/C_/Users/15313/Desktop/HW/intern/project/StudyGuard_A_U1P/demo/Project/GD32F470Z_BSP/src/uart.c.obj
                0x20000494                Uart2_RecvCnt
 .bss.Uart2_RecvFlag
                0x20000496        0x1 CMakeFiles/STUDYGUARD_A_U1P.dir/C_/Users/15313/Desktop/HW/intern/project/StudyGuard_A_U1P/demo/Project/GD32F470Z_BSP/src/uart.c.obj
                0x20000496                Uart2_RecvFlag
 *fill*         0x20000497        0x1 
 .bss.Uart2_RecvLenth
                0x20000498        0x2 CMakeFiles/STUDYGUARD_A_U1P.dir/C_/Users/15313/Desktop/HW/intern/project/StudyGuard_A_U1P/demo/Project/GD32F470Z_BSP/src/uart.c.obj
                0x20000498                Uart2_RecvLenth
 *fill*         0x2000049a        0x2 
 .bss.Uart2_RecvBuffer
                0x2000049c      0x200 CMakeFiles/STUDYGUARD_A_U1P.dir/C_/Users/15313/Desktop/HW/intern/project/StudyGuard_A_U1P/demo/Project/GD32F470Z_BSP/src/uart.c.obj
                0x2000049c                Uart2_RecvBuffer
 .bss.Uart0_RecvCnt
                0x2000069c        0x2 CMakeFiles/STUDYGUARD_A_U1P.dir/C_/Users/15313/Desktop/HW/intern/project/StudyGuard_A_U1P/demo/Project/GD32F470Z_BSP/src/uart.c.obj
                0x2000069c                Uart0_RecvCnt
 .bss.Uart0_RecvFlag
                0x2000069e        0x1 CMakeFiles/STUDYGUARD_A_U1P.dir/C_/Users/15313/Desktop/HW/intern/project/StudyGuard_A_U1P/demo/Project/GD32F470Z_BSP/src/uart.c.obj
                0x2000069e                Uart0_RecvFlag
 *fill*         0x2000069f        0x1 
 .bss.Uart0_RecvLenth
                0x200006a0        0x2 CMakeFiles/STUDYGUARD_A_U1P.dir/C_/Users/15313/Desktop/HW/intern/project/StudyGuard_A_U1P/demo/Project/GD32F470Z_BSP/src/uart.c.obj
                0x200006a0                Uart0_RecvLenth
 *fill*         0x200006a2        0x2 
 .bss.Uart0_RecvBuffer
                0x200006a4      0x200 CMakeFiles/STUDYGUARD_A_U1P.dir/C_/Users/15313/Desktop/HW/intern/project/StudyGuard_A_U1P/demo/Project/GD32F470Z_BSP/src/uart.c.obj
                0x200006a4                Uart0_RecvBuffer
 .bss.i2c_over_time
                0x200008a4        0x2 CMakeFiles/STUDYGUARD_A_U1P.dir/C_/Users/15313/Desktop/HW/intern/project/StudyGuard_A_U1P/demo/Project/GD32F470Z_BSP/src/i2c.c.obj
                0x200008a4                i2c_over_time
 *(COMMON)
                0x200008a8                        . = ALIGN (0x4)
 *fill*         0x200008a6        0x2 
                0x200008a8                        _ebss = .
                0x200008a8                        __bss_end__ = _ebss

.stack          0x10000000      0x400
                0x10000000                        . = ALIGN (0x8)
                0x10000000                        __StackLimit = .
                0x10000400                        . = (. + _Min_Stack_Size)
 *fill*         0x10000000      0x400 
                0x10000400                        . = ALIGN (0x8)
                0x10000400                        __StackTop = .

.heap           0x200008a8      0x400
                0x200008a8                        . = ALIGN (0x8)
                0x200008a8                        end = .
                0x200008a8                        __HeapBase = .
                0x20000ca8                        . = (. + _Min_Heap_Size)
 *fill*         0x200008a8      0x400 
                0x20000ca8                        . = ALIGN (0x8)
                0x20000ca8                        __HeapLimit = .

/DISCARD/
 libc.a(*)
 libm.a(*)
 libgcc.a(*)

.ARM.attributes
                0x00000000       0x30
 *(.ARM.attributes)
 .ARM.attributes
                0x00000000       0x22 C:/Users/15313/scoop/apps/gcc-arm-none-eabi/15.2.rel1/bin/../lib/gcc/arm-none-eabi/15.2.1/thumb/v7e-m+fp/hard/crti.o
 .ARM.attributes
                0x00000022       0x34 C:/Users/15313/scoop/apps/gcc-arm-none-eabi/15.2.rel1/bin/../lib/gcc/arm-none-eabi/15.2.1/thumb/v7e-m+fp/hard/crtbegin.o
 .ARM.attributes
                0x00000056       0x34 C:/Users/15313/scoop/apps/gcc-arm-none-eabi/15.2.rel1/bin/../lib/gcc/arm-none-eabi/15.2.1/../../../../arm-none-eabi/lib/thumb/v7e-m+fp/hard\libc_nano.a(libc_a-findfp.o)
 .ARM.attributes
                0x0000008a       0x34 C:/Users/15313/scoop/apps/gcc-arm-none-eabi/15.2.rel1/bin/../lib/gcc/arm-none-eabi/15.2.1/../../../../arm-none-eabi/lib/thumb/v7e-m+fp/hard\libc_nano.a(libc_a-memset.o)
 .ARM.attributes
                0x000000be       0x34 C:/Users/15313/scoop/apps/gcc-arm-none-eabi/15.2.rel1/bin/../lib/gcc/arm-none-eabi/15.2.1/../../../../arm-none-eabi/lib/thumb/v7e-m+fp/hard\libc_nano.a(libc_a-reent.o)
 .ARM.attributes
                0x000000f2       0x34 C:/Users/15313/scoop/apps/gcc-arm-none-eabi/15.2.rel1/bin/../lib/gcc/arm-none-eabi/15.2.1/../../../../arm-none-eabi/lib/thumb/v7e-m+fp/hard\libc_nano.a(libc_a-impure.o)
 .ARM.attributes
                0x00000126       0x34 C:/Users/15313/scoop/apps/gcc-arm-none-eabi/15.2.rel1/bin/../lib/gcc/arm-none-eabi/15.2.1/../../../../arm-none-eabi/lib/thumb/v7e-m+fp/hard\libc_nano.a(libc_a-lock.o)
 .ARM.attributes
                0x0000015a       0x34 C:/Users/15313/scoop/apps/gcc-arm-none-eabi/15.2.rel1/bin/../lib/gcc/arm-none-eabi/15.2.1/../../../../arm-none-eabi/lib/thumb/v7e-m+fp/hard\libc_nano.a(libc_a-freer.o)
 .ARM.attributes
                0x0000018e       0x34 C:/Users/15313/scoop/apps/gcc-arm-none-eabi/15.2.rel1/bin/../lib/gcc/arm-none-eabi/15.2.1/../../../../arm-none-eabi/lib/thumb/v7e-m+fp/hard\libc_nano.a(libc_a-mallocr.o)
 .ARM.attributes
                0x000001c2       0x34 C:/Users/15313/scoop/apps/gcc-arm-none-eabi/15.2.rel1/bin/../lib/gcc/arm-none-eabi/15.2.1/../../../../arm-none-eabi/lib/thumb/v7e-m+fp/hard\libc_nano.a(libc_a-mlock.o)
 .ARM.attributes
                0x000001f6       0x34 C:/Users/15313/scoop/apps/gcc-arm-none-eabi/15.2.rel1/bin/../lib/gcc/arm-none-eabi/15.2.1/../../../../arm-none-eabi/lib/thumb/v7e-m+fp/hard\libc_nano.a(libc_a-sbrkr.o)
 .ARM.attributes
                0x0000022a       0x34 C:/Users/15313/scoop/apps/gcc-arm-none-eabi/15.2.rel1/bin/../lib/gcc/arm-none-eabi/15.2.1/../../../../arm-none-eabi/lib/thumb/v7e-m+fp/hard\libnosys.a(sbrk.o)
 .ARM.attributes
                0x0000025e       0x34 CMakeFiles/STUDYGUARD_A_U1P.dir/C_/Users/15313/Desktop/HW/intern/project/StudyGuard_A_U1P/demo/Project/Application/src/c2_demo.c.obj
 .ARM.attributes
                0x00000292       0x34 CMakeFiles/STUDYGUARD_A_U1P.dir/C_/Users/15313/Desktop/HW/intern/project/StudyGuard_A_U1P/demo/Project/GD32F470Z_BSP/src/uart.c.obj
 .ARM.attributes
                0x000002c6       0x34 CMakeFiles/STUDYGUARD_A_U1P.dir/C_/Users/15313/Desktop/HW/intern/project/StudyGuard_A_U1P/demo/Project/GD32F470Z_BSP/src/c2.c.obj
 .ARM.attributes
                0x000002fa       0x34 CMakeFiles/STUDYGUARD_A_U1P.dir/C_/Users/15313/Desktop/HW/intern/project/StudyGuard_A_U1P/demo/Project/GD32F470Z_BSP/src/i2c.c.obj
 .ARM.attributes
                0x0000032e       0x34 CMakeFiles/STUDYGUARD_A_U1P.dir/C_/Users/15313/Desktop/HW/intern/project/StudyGuard_A_U1P/demo/Project/GD32F470Z_BSP/src/s5.c.obj
 .ARM.attributes
                0x00000362       0x34 CMakeFiles/STUDYGUARD_A_U1P.dir/C_/Users/15313/Desktop/HW/intern/project/StudyGuard_A_U1P/demo/Project/GD32F470Z_BSP/src/s7.c.obj
 .ARM.attributes
                0x00000396       0x34 CMakeFiles/STUDYGUARD_A_U1P.dir/C_/Users/15313/Desktop/HW/intern/project/StudyGuard_A_U1P/demo/Project/GD32F470Z_BSP/src/s8.c.obj
 .ARM.attributes
                0x000003ca       0x34 CMakeFiles/STUDYGUARD_A_U1P.dir/C_/Users/15313/Desktop/HW/intern/project/StudyGuard_A_U1P/demo/Project/GD32F470Z_BSP/src/gd32f470z_eval.c.obj
 .ARM.attributes
                0x000003fe       0x34 CMakeFiles/STUDYGUARD_A_U1P.dir/358902cbc428f1ccc98c5bf3f28dcd0c/StudyGuard_A_U1P/Library/Firmware/GD32F4xx_standard_peripheral/Source/gd32f4xx_gpio.c.obj
 .ARM.attributes
                0x00000432       0x34 CMakeFiles/STUDYGUARD_A_U1P.dir/358902cbc428f1ccc98c5bf3f28dcd0c/StudyGuard_A_U1P/Library/Firmware/GD32F4xx_standard_peripheral/Source/gd32f4xx_i2c.c.obj
 .ARM.attributes
                0x00000466       0x34 CMakeFiles/STUDYGUARD_A_U1P.dir/358902cbc428f1ccc98c5bf3f28dcd0c/StudyGuard_A_U1P/Library/Firmware/GD32F4xx_standard_peripheral/Source/gd32f4xx_misc.c.obj
 .ARM.attributes
                0x0000049a       0x34 CMakeFiles/STUDYGUARD_A_U1P.dir/358902cbc428f1ccc98c5bf3f28dcd0c/StudyGuard_A_U1P/Library/Firmware/GD32F4xx_standard_peripheral/Source/gd32f4xx_rcu.c.obj
 .ARM.attributes
                0x000004ce       0x34 CMakeFiles/STUDYGUARD_A_U1P.dir/ace3b6aeb82fb8b3f67bedc32baf1933/Library/Firmware/GD32F4xx_standard_peripheral/Source/gd32f4xx_timer.c.obj
 .ARM.attributes
                0x00000502       0x34 CMakeFiles/STUDYGUARD_A_U1P.dir/ace3b6aeb82fb8b3f67bedc32baf1933/Library/Firmware/GD32F4xx_standard_peripheral/Source/gd32f4xx_usart.c.obj
 .ARM.attributes
                0x00000536       0x34 CMakeFiles/STUDYGUARD_A_U1P.dir/C_/Users/15313/Desktop/HW/intern/project/StudyGuard_A_U1P/Library/Firmware/CMSIS/GD/GD32F4xx/Source/system_gd32f4xx.c.obj
 .ARM.attributes
                0x0000056a       0x25 CMakeFiles/STUDYGUARD_A_U1P.dir/startup_gd32f470_gcc.S.obj
 .ARM.attributes
                0x0000058f       0x34 C:/Users/15313/scoop/apps/gcc-arm-none-eabi/15.2.rel1/bin/../lib/gcc/arm-none-eabi/15.2.1/../../../../arm-none-eabi/lib/thumb/v7e-m+fp/hard\libc_nano.a(libc_a-sprintf.o)
 .ARM.attributes
                0x000005c3       0x34 C:/Users/15313/scoop/apps/gcc-arm-none-eabi/15.2.rel1/bin/../lib/gcc/arm-none-eabi/15.2.1/../../../../arm-none-eabi/lib/thumb/v7e-m+fp/hard\libc_nano.a(libc_a-memcpy-stub.o)
 .ARM.attributes
                0x000005f7       0x17 C:/Users/15313/scoop/apps/gcc-arm-none-eabi/15.2.rel1/bin/../lib/gcc/arm-none-eabi/15.2.1/../../../../arm-none-eabi/lib/thumb/v7e-m+fp/hard\libc_nano.a(libc_a-strlen.o)
 .ARM.attributes
                0x0000060e       0x34 C:/Users/15313/scoop/apps/gcc-arm-none-eabi/15.2.rel1/bin/../lib/gcc/arm-none-eabi/15.2.1/../../../../arm-none-eabi/lib/thumb/v7e-m+fp/hard\libc_nano.a(libc_a-nano-svfprintf.o)
 .ARM.attributes
                0x00000642       0x34 C:/Users/15313/scoop/apps/gcc-arm-none-eabi/15.2.rel1/bin/../lib/gcc/arm-none-eabi/15.2.1/../../../../arm-none-eabi/lib/thumb/v7e-m+fp/hard\libc_nano.a(libc_a-nano-vfprintf_i.o)
 .ARM.attributes
                0x00000676       0x34 C:/Users/15313/scoop/apps/gcc-arm-none-eabi/15.2.rel1/bin/../lib/gcc/arm-none-eabi/15.2.1/../../../../arm-none-eabi/lib/thumb/v7e-m+fp/hard\libc_nano.a(libc_a-memmove.o)
 .ARM.attributes
                0x000006aa       0x1c C:/Users/15313/scoop/apps/gcc-arm-none-eabi/15.2.rel1/bin/../lib/gcc/arm-none-eabi/15.2.1/../../../../arm-none-eabi/lib/thumb/v7e-m+fp/hard\libc_nano.a(libc_a-memchr.o)
 .ARM.attributes
                0x000006c6       0x34 C:/Users/15313/scoop/apps/gcc-arm-none-eabi/15.2.rel1/bin/../lib/gcc/arm-none-eabi/15.2.1/../../../../arm-none-eabi/lib/thumb/v7e-m+fp/hard\libc_nano.a(libc_a-reallocr.o)
 .ARM.attributes
                0x000006fa       0x34 C:/Users/15313/scoop/apps/gcc-arm-none-eabi/15.2.rel1/bin/../lib/gcc/arm-none-eabi/15.2.1/../../../../arm-none-eabi/lib/thumb/v7e-m+fp/hard\libc_nano.a(libc_a-msizer.o)
 .ARM.attributes
                0x0000072e       0x34 C:/Users/15313/scoop/apps/gcc-arm-none-eabi/15.2.rel1/bin/../lib/gcc/arm-none-eabi/15.2.1/thumb/v7e-m+fp/hard/crtend.o
 .ARM.attributes
                0x00000762       0x22 C:/Users/15313/scoop/apps/gcc-arm-none-eabi/15.2.rel1/bin/../lib/gcc/arm-none-eabi/15.2.1/thumb/v7e-m+fp/hard/crtn.o
                0x00000001                        ASSERT ((__StackTop <= (ORIGIN (TCM) + LENGTH (TCM))), TCM overflow: stack too large!)
                0x00000001                        ASSERT ((_ebss <= (ORIGIN (SRAM) + LENGTH (SRAM))), SRAM overflow!)
OUTPUT(STUDYGUARD_A_U1P elf32-littlearm)
LOAD linker stubs
LOAD C:/Users/15313/scoop/apps/gcc-arm-none-eabi/15.2.rel1/bin/../lib/gcc/arm-none-eabi/15.2.1/../../../../arm-none-eabi/lib/thumb/v7e-m+fp/hard\libc.a
LOAD C:/Users/15313/scoop/apps/gcc-arm-none-eabi/15.2.rel1/bin/../lib/gcc/arm-none-eabi/15.2.1/../../../../arm-none-eabi/lib/thumb/v7e-m+fp/hard\libm.a
LOAD C:/Users/15313/scoop/apps/gcc-arm-none-eabi/15.2.rel1/bin/../lib/gcc/arm-none-eabi/15.2.1/thumb/v7e-m+fp/hard\libgcc.a

.debug_frame    0x00000000      0x5cc
 .debug_frame   0x00000000      0x144 C:/Users/15313/scoop/apps/gcc-arm-none-eabi/15.2.rel1/bin/../lib/gcc/arm-none-eabi/15.2.1/../../../../arm-none-eabi/lib/thumb/v7e-m+fp/hard\libc_nano.a(libc_a-findfp.o)
 .debug_frame   0x00000144       0x20 C:/Users/15313/scoop/apps/gcc-arm-none-eabi/15.2.rel1/bin/../lib/gcc/arm-none-eabi/15.2.1/../../../../arm-none-eabi/lib/thumb/v7e-m+fp/hard\libc_nano.a(libc_a-memset.o)
 .debug_frame   0x00000164       0x38 C:/Users/15313/scoop/apps/gcc-arm-none-eabi/15.2.rel1/bin/../lib/gcc/arm-none-eabi/15.2.1/../../../../arm-none-eabi/lib/thumb/v7e-m+fp/hard\libc_nano.a(libc_a-reent.o)
 .debug_frame   0x0000019c       0xb0 C:/Users/15313/scoop/apps/gcc-arm-none-eabi/15.2.rel1/bin/../lib/gcc/arm-none-eabi/15.2.1/../../../../arm-none-eabi/lib/thumb/v7e-m+fp/hard\libc_nano.a(libc_a-lock.o)
 .debug_frame   0x0000024c       0x38 C:/Users/15313/scoop/apps/gcc-arm-none-eabi/15.2.rel1/bin/../lib/gcc/arm-none-eabi/15.2.1/../../../../arm-none-eabi/lib/thumb/v7e-m+fp/hard\libc_nano.a(libc_a-freer.o)
 .debug_frame   0x00000284       0x50 C:/Users/15313/scoop/apps/gcc-arm-none-eabi/15.2.rel1/bin/../lib/gcc/arm-none-eabi/15.2.1/../../../../arm-none-eabi/lib/thumb/v7e-m+fp/hard\libc_nano.a(libc_a-mallocr.o)
 .debug_frame   0x000002d4       0x30 C:/Users/15313/scoop/apps/gcc-arm-none-eabi/15.2.rel1/bin/../lib/gcc/arm-none-eabi/15.2.1/../../../../arm-none-eabi/lib/thumb/v7e-m+fp/hard\libc_nano.a(libc_a-mlock.o)
 .debug_frame   0x00000304       0x2c C:/Users/15313/scoop/apps/gcc-arm-none-eabi/15.2.rel1/bin/../lib/gcc/arm-none-eabi/15.2.1/../../../../arm-none-eabi/lib/thumb/v7e-m+fp/hard\libc_nano.a(libc_a-sbrkr.o)
 .debug_frame   0x00000330       0x20 C:/Users/15313/scoop/apps/gcc-arm-none-eabi/15.2.rel1/bin/../lib/gcc/arm-none-eabi/15.2.1/../../../../arm-none-eabi/lib/thumb/v7e-m+fp/hard\libnosys.a(sbrk.o)
 .debug_frame   0x00000350       0x74 C:/Users/15313/scoop/apps/gcc-arm-none-eabi/15.2.rel1/bin/../lib/gcc/arm-none-eabi/15.2.1/../../../../arm-none-eabi/lib/thumb/v7e-m+fp/hard\libc_nano.a(libc_a-sprintf.o)
 .debug_frame   0x000003c4       0x28 C:/Users/15313/scoop/apps/gcc-arm-none-eabi/15.2.rel1/bin/../lib/gcc/arm-none-eabi/15.2.1/../../../../arm-none-eabi/lib/thumb/v7e-m+fp/hard\libc_nano.a(libc_a-memcpy-stub.o)
 .debug_frame   0x000003ec       0x20 C:/Users/15313/scoop/apps/gcc-arm-none-eabi/15.2.rel1/bin/../lib/gcc/arm-none-eabi/15.2.1/../../../../arm-none-eabi/lib/thumb/v7e-m+fp/hard\libc_nano.a(libc_a-strlen.o)
 .debug_frame   0x0000040c       0x90 C:/Users/15313/scoop/apps/gcc-arm-none-eabi/15.2.rel1/bin/../lib/gcc/arm-none-eabi/15.2.1/../../../../arm-none-eabi/lib/thumb/v7e-m+fp/hard\libc_nano.a(libc_a-nano-svfprintf.o)
 .debug_frame   0x0000049c       0x60 C:/Users/15313/scoop/apps/gcc-arm-none-eabi/15.2.rel1/bin/../lib/gcc/arm-none-eabi/15.2.1/../../../../arm-none-eabi/lib/thumb/v7e-m+fp/hard\libc_nano.a(libc_a-nano-vfprintf_i.o)
 .debug_frame   0x000004fc       0x28 C:/Users/15313/scoop/apps/gcc-arm-none-eabi/15.2.rel1/bin/../lib/gcc/arm-none-eabi/15.2.1/../../../../arm-none-eabi/lib/thumb/v7e-m+fp/hard\libc_nano.a(libc_a-memmove.o)
 .debug_frame   0x00000524       0x4c C:/Users/15313/scoop/apps/gcc-arm-none-eabi/15.2.rel1/bin/../lib/gcc/arm-none-eabi/15.2.1/../../../../arm-none-eabi/lib/thumb/v7e-m+fp/hard\libc_nano.a(libc_a-memchr.o)
 .debug_frame   0x00000570       0x3c C:/Users/15313/scoop/apps/gcc-arm-none-eabi/15.2.rel1/bin/../lib/gcc/arm-none-eabi/15.2.1/../../../../arm-none-eabi/lib/thumb/v7e-m+fp/hard\libc_nano.a(libc_a-reallocr.o)
 .debug_frame   0x000005ac       0x20 C:/Users/15313/scoop/apps/gcc-arm-none-eabi/15.2.rel1/bin/../lib/gcc/arm-none-eabi/15.2.1/../../../../arm-none-eabi/lib/thumb/v7e-m+fp/hard\libc_nano.a(libc_a-msizer.o)

.comment        0x00000000       0x45
 .comment       0x00000000       0x45 CMakeFiles/STUDYGUARD_A_U1P.dir/C_/Users/15313/Desktop/HW/intern/project/StudyGuard_A_U1P/demo/Project/Application/src/c2_demo.c.obj
                                 0x46 (size before relaxing)
 .comment       0x00000045        0x0 CMakeFiles/STUDYGUARD_A_U1P.dir/C_/Users/15313/Desktop/HW/intern/project/StudyGuard_A_U1P/demo/Project/GD32F470Z_BSP/src/uart.c.obj
                                 0x46 (size before relaxing)
 .comment       0x00000045        0x0 CMakeFiles/STUDYGUARD_A_U1P.dir/C_/Users/15313/Desktop/HW/intern/project/StudyGuard_A_U1P/demo/Project/GD32F470Z_BSP/src/c2.c.obj
                                 0x46 (size before relaxing)
 .comment       0x00000045        0x0 CMakeFiles/STUDYGUARD_A_U1P.dir/C_/Users/15313/Desktop/HW/intern/project/StudyGuard_A_U1P/demo/Project/GD32F470Z_BSP/src/i2c.c.obj
                                 0x46 (size before relaxing)
 .comment       0x00000045        0x0 CMakeFiles/STUDYGUARD_A_U1P.dir/C_/Users/15313/Desktop/HW/intern/project/StudyGuard_A_U1P/demo/Project/GD32F470Z_BSP/src/s5.c.obj
                                 0x46 (size before relaxing)
 .comment       0x00000045        0x0 CMakeFiles/STUDYGUARD_A_U1P.dir/C_/Users/15313/Desktop/HW/intern/project/StudyGuard_A_U1P/demo/Project/GD32F470Z_BSP/src/s7.c.obj
                                 0x46 (size before relaxing)
 .comment       0x00000045        0x0 CMakeFiles/STUDYGUARD_A_U1P.dir/C_/Users/15313/Desktop/HW/intern/project/StudyGuard_A_U1P/demo/Project/GD32F470Z_BSP/src/s8.c.obj
                                 0x46 (size before relaxing)
 .comment       0x00000045        0x0 CMakeFiles/STUDYGUARD_A_U1P.dir/C_/Users/15313/Desktop/HW/intern/project/StudyGuard_A_U1P/demo/Project/GD32F470Z_BSP/src/gd32f470z_eval.c.obj
                                 0x46 (size before relaxing)
 .comment       0x00000045        0x0 CMakeFiles/STUDYGUARD_A_U1P.dir/358902cbc428f1ccc98c5bf3f28dcd0c/StudyGuard_A_U1P/Library/Firmware/GD32F4xx_standard_peripheral/Source/gd32f4xx_gpio.c.obj
                                 0x46 (size before relaxing)
 .comment       0x00000045        0x0 CMakeFiles/STUDYGUARD_A_U1P.dir/358902cbc428f1ccc98c5bf3f28dcd0c/StudyGuard_A_U1P/Library/Firmware/GD32F4xx_standard_peripheral/Source/gd32f4xx_i2c.c.obj
                                 0x46 (size before relaxing)
 .comment       0x00000045        0x0 CMakeFiles/STUDYGUARD_A_U1P.dir/358902cbc428f1ccc98c5bf3f28dcd0c/StudyGuard_A_U1P/Library/Firmware/GD32F4xx_standard_peripheral/Source/gd32f4xx_misc.c.obj
                                 0x46 (size before relaxing)
 .comment       0x00000045        0x0 CMakeFiles/STUDYGUARD_A_U1P.dir/358902cbc428f1ccc98c5bf3f28dcd0c/StudyGuard_A_U1P/Library/Firmware/GD32F4xx_standard_peripheral/Source/gd32f4xx_rcu.c.obj
                                 0x46 (size before relaxing)
 .comment       0x00000045        0x0 CMakeFiles/STUDYGUARD_A_U1P.dir/ace3b6aeb82fb8b3f67bedc32baf1933/Library/Firmware/GD32F4xx_standard_peripheral/Source/gd32f4xx_timer.c.obj
                                 0x46 (size before relaxing)
 .comment       0x00000045        0x0 CMakeFiles/STUDYGUARD_A_U1P.dir/ace3b6aeb82fb8b3f67bedc32baf1933/Library/Firmware/GD32F4xx_standard_peripheral/Source/gd32f4xx_usart.c.obj
                                 0x46 (size before relaxing)
 .comment       0x00000045        0x0 CMakeFiles/STUDYGUARD_A_U1P.dir/C_/Users/15313/Desktop/HW/intern/project/StudyGuard_A_U1P/Library/Firmware/CMSIS/GD/GD32F4xx/Source/system_gd32f4xx.c.obj
                                 0x46 (size before relaxing)

.debug_line_str
                0x00000000       0xf4
 .debug_line_str
                0x00000000       0xf4 C:/Users/15313/scoop/apps/gcc-arm-none-eabi/15.2.rel1/bin/../lib/gcc/arm-none-eabi/15.2.1/../../../../arm-none-eabi/lib/thumb/v7e-m+fp/hard\libc_nano.a(libc_a-strlen.o)
                                 0xeb (size before relaxing)
 .debug_line_str
                0x000000f4        0x0 C:/Users/15313/scoop/apps/gcc-arm-none-eabi/15.2.rel1/bin/../lib/gcc/arm-none-eabi/15.2.1/../../../../arm-none-eabi/lib/thumb/v7e-m+fp/hard\libc_nano.a(libc_a-memchr.o)
                                 0xe1 (size before relaxing)

Cross Reference Table

Symbol                                            File
ADC_IRQHandler                                    CMakeFiles/STUDYGUARD_A_U1P.dir/startup_gd32f470_gcc.S.obj
BusFault_Handler                                  CMakeFiles/STUDYGUARD_A_U1P.dir/startup_gd32f470_gcc.S.obj
CAN0_EWMC_IRQHandler                              CMakeFiles/STUDYGUARD_A_U1P.dir/startup_gd32f470_gcc.S.obj
CAN0_RX0_IRQHandler                               CMakeFiles/STUDYGUARD_A_U1P.dir/startup_gd32f470_gcc.S.obj
CAN0_RX1_IRQHandler                               CMakeFiles/STUDYGUARD_A_U1P.dir/startup_gd32f470_gcc.S.obj
CAN0_TX_IRQHandler                                CMakeFiles/STUDYGUARD_A_U1P.dir/startup_gd32f470_gcc.S.obj
CAN1_EWMC_IRQHandler                              CMakeFiles/STUDYGUARD_A_U1P.dir/startup_gd32f470_gcc.S.obj
CAN1_RX0_IRQHandler                               CMakeFiles/STUDYGUARD_A_U1P.dir/startup_gd32f470_gcc.S.obj
CAN1_RX1_IRQHandler                               CMakeFiles/STUDYGUARD_A_U1P.dir/startup_gd32f470_gcc.S.obj
CAN1_TX_IRQHandler                                CMakeFiles/STUDYGUARD_A_U1P.dir/startup_gd32f470_gcc.S.obj
CalulateCRC                                       CMakeFiles/STUDYGUARD_A_U1P.dir/C_/Users/15313/Desktop/HW/intern/project/StudyGuard_A_U1P/demo/Project/GD32F470Z_BSP/src/s5.c.obj
ClearBitMask                                      CMakeFiles/STUDYGUARD_A_U1P.dir/C_/Users/15313/Desktop/HW/intern/project/StudyGuard_A_U1P/demo/Project/GD32F470Z_BSP/src/s5.c.obj
DCI_IRQHandler                                    CMakeFiles/STUDYGUARD_A_U1P.dir/startup_gd32f470_gcc.S.obj
DMA0_Channel0_IRQHandler                          CMakeFiles/STUDYGUARD_A_U1P.dir/startup_gd32f470_gcc.S.obj
DMA0_Channel1_IRQHandler                          CMakeFiles/STUDYGUARD_A_U1P.dir/startup_gd32f470_gcc.S.obj
DMA0_Channel2_IRQHandler                          CMakeFiles/STUDYGUARD_A_U1P.dir/startup_gd32f470_gcc.S.obj
DMA0_Channel3_IRQHandler                          CMakeFiles/STUDYGUARD_A_U1P.dir/startup_gd32f470_gcc.S.obj
DMA0_Channel4_IRQHandler                          CMakeFiles/STUDYGUARD_A_U1P.dir/startup_gd32f470_gcc.S.obj
DMA0_Channel5_IRQHandler                          CMakeFiles/STUDYGUARD_A_U1P.dir/startup_gd32f470_gcc.S.obj
DMA0_Channel6_IRQHandler                          CMakeFiles/STUDYGUARD_A_U1P.dir/startup_gd32f470_gcc.S.obj
DMA0_Channel7_IRQHandler                          CMakeFiles/STUDYGUARD_A_U1P.dir/startup_gd32f470_gcc.S.obj
DMA1_Channel0_IRQHandler                          CMakeFiles/STUDYGUARD_A_U1P.dir/startup_gd32f470_gcc.S.obj
DMA1_Channel1_IRQHandler                          CMakeFiles/STUDYGUARD_A_U1P.dir/startup_gd32f470_gcc.S.obj
DMA1_Channel2_IRQHandler                          CMakeFiles/STUDYGUARD_A_U1P.dir/startup_gd32f470_gcc.S.obj
DMA1_Channel3_IRQHandler                          CMakeFiles/STUDYGUARD_A_U1P.dir/startup_gd32f470_gcc.S.obj
DMA1_Channel4_IRQHandler                          CMakeFiles/STUDYGUARD_A_U1P.dir/startup_gd32f470_gcc.S.obj
DMA1_Channel5_IRQHandler                          CMakeFiles/STUDYGUARD_A_U1P.dir/startup_gd32f470_gcc.S.obj
DMA1_Channel6_IRQHandler                          CMakeFiles/STUDYGUARD_A_U1P.dir/startup_gd32f470_gcc.S.obj
DMA1_Channel7_IRQHandler                          CMakeFiles/STUDYGUARD_A_U1P.dir/startup_gd32f470_gcc.S.obj
DebugMon_Handler                                  CMakeFiles/STUDYGUARD_A_U1P.dir/startup_gd32f470_gcc.S.obj
ENET_IRQHandler                                   CMakeFiles/STUDYGUARD_A_U1P.dir/startup_gd32f470_gcc.S.obj
ENET_WKUP_IRQHandler                              CMakeFiles/STUDYGUARD_A_U1P.dir/startup_gd32f470_gcc.S.obj
EXMC_IRQHandler                                   CMakeFiles/STUDYGUARD_A_U1P.dir/startup_gd32f470_gcc.S.obj
EXTI0_IRQHandler                                  CMakeFiles/STUDYGUARD_A_U1P.dir/startup_gd32f470_gcc.S.obj
EXTI10_15_IRQHandler                              CMakeFiles/STUDYGUARD_A_U1P.dir/startup_gd32f470_gcc.S.obj
EXTI1_IRQHandler                                  CMakeFiles/STUDYGUARD_A_U1P.dir/startup_gd32f470_gcc.S.obj
EXTI2_IRQHandler                                  CMakeFiles/STUDYGUARD_A_U1P.dir/startup_gd32f470_gcc.S.obj
EXTI3_IRQHandler                                  CMakeFiles/STUDYGUARD_A_U1P.dir/startup_gd32f470_gcc.S.obj
EXTI4_IRQHandler                                  CMakeFiles/STUDYGUARD_A_U1P.dir/startup_gd32f470_gcc.S.obj
EXTI5_9_IRQHandler                                CMakeFiles/STUDYGUARD_A_U1P.dir/startup_gd32f470_gcc.S.obj
FMC_IRQHandler                                    CMakeFiles/STUDYGUARD_A_U1P.dir/startup_gd32f470_gcc.S.obj
FPU_IRQHandler                                    CMakeFiles/STUDYGUARD_A_U1P.dir/startup_gd32f470_gcc.S.obj
HardFault_Handler                                 CMakeFiles/STUDYGUARD_A_U1P.dir/startup_gd32f470_gcc.S.obj
I2C0_ER_IRQHandler                                CMakeFiles/STUDYGUARD_A_U1P.dir/startup_gd32f470_gcc.S.obj
I2C0_EV_IRQHandler                                CMakeFiles/STUDYGUARD_A_U1P.dir/startup_gd32f470_gcc.S.obj
I2C1_ER_IRQHandler                                CMakeFiles/STUDYGUARD_A_U1P.dir/startup_gd32f470_gcc.S.obj
I2C1_EV_IRQHandler                                CMakeFiles/STUDYGUARD_A_U1P.dir/startup_gd32f470_gcc.S.obj
I2C2_ER_IRQHandler                                CMakeFiles/STUDYGUARD_A_U1P.dir/startup_gd32f470_gcc.S.obj
I2C2_EV_IRQHandler                                CMakeFiles/STUDYGUARD_A_U1P.dir/startup_gd32f470_gcc.S.obj
IPA_IRQHandler                                    CMakeFiles/STUDYGUARD_A_U1P.dir/startup_gd32f470_gcc.S.obj
Init_MFRC522                                      CMakeFiles/STUDYGUARD_A_U1P.dir/C_/Users/15313/Desktop/HW/intern/project/StudyGuard_A_U1P/demo/Project/GD32F470Z_BSP/src/s5.c.obj
LVD_IRQHandler                                    CMakeFiles/STUDYGUARD_A_U1P.dir/startup_gd32f470_gcc.S.obj
M500PcdConfigISOType                              CMakeFiles/STUDYGUARD_A_U1P.dir/C_/Users/15313/Desktop/HW/intern/project/StudyGuard_A_U1P/demo/Project/GD32F470Z_BSP/src/s5.c.obj
MFRC522_Init                                      CMakeFiles/STUDYGUARD_A_U1P.dir/C_/Users/15313/Desktop/HW/intern/project/StudyGuard_A_U1P/demo/Project/GD32F470Z_BSP/src/s5.c.obj
MFRC_Delay                                        CMakeFiles/STUDYGUARD_A_U1P.dir/C_/Users/15313/Desktop/HW/intern/project/StudyGuard_A_U1P/demo/Project/GD32F470Z_BSP/src/s5.c.obj
MemManage_Handler                                 CMakeFiles/STUDYGUARD_A_U1P.dir/startup_gd32f470_gcc.S.obj
NMI_Handler                                       CMakeFiles/STUDYGUARD_A_U1P.dir/startup_gd32f470_gcc.S.obj
PcdAntennaOff                                     CMakeFiles/STUDYGUARD_A_U1P.dir/C_/Users/15313/Desktop/HW/intern/project/StudyGuard_A_U1P/demo/Project/GD32F470Z_BSP/src/s5.c.obj
PcdAntennaOn                                      CMakeFiles/STUDYGUARD_A_U1P.dir/C_/Users/15313/Desktop/HW/intern/project/StudyGuard_A_U1P/demo/Project/GD32F470Z_BSP/src/s5.c.obj
PcdAnticoll                                       CMakeFiles/STUDYGUARD_A_U1P.dir/C_/Users/15313/Desktop/HW/intern/project/StudyGuard_A_U1P/demo/Project/GD32F470Z_BSP/src/s5.c.obj
PcdAuthState                                      CMakeFiles/STUDYGUARD_A_U1P.dir/C_/Users/15313/Desktop/HW/intern/project/StudyGuard_A_U1P/demo/Project/GD32F470Z_BSP/src/s5.c.obj
PcdBakValue                                       CMakeFiles/STUDYGUARD_A_U1P.dir/C_/Users/15313/Desktop/HW/intern/project/StudyGuard_A_U1P/demo/Project/GD32F470Z_BSP/src/s5.c.obj
PcdComMS523                                       CMakeFiles/STUDYGUARD_A_U1P.dir/C_/Users/15313/Desktop/HW/intern/project/StudyGuard_A_U1P/demo/Project/GD32F470Z_BSP/src/s5.c.obj
PcdHalt                                           CMakeFiles/STUDYGUARD_A_U1P.dir/C_/Users/15313/Desktop/HW/intern/project/StudyGuard_A_U1P/demo/Project/GD32F470Z_BSP/src/s5.c.obj
PcdRead                                           CMakeFiles/STUDYGUARD_A_U1P.dir/C_/Users/15313/Desktop/HW/intern/project/StudyGuard_A_U1P/demo/Project/GD32F470Z_BSP/src/s5.c.obj
PcdRequest                                        CMakeFiles/STUDYGUARD_A_U1P.dir/C_/Users/15313/Desktop/HW/intern/project/StudyGuard_A_U1P/demo/Project/GD32F470Z_BSP/src/s5.c.obj
PcdReset                                          CMakeFiles/STUDYGUARD_A_U1P.dir/C_/Users/15313/Desktop/HW/intern/project/StudyGuard_A_U1P/demo/Project/GD32F470Z_BSP/src/s5.c.obj
PcdSelect                                         CMakeFiles/STUDYGUARD_A_U1P.dir/C_/Users/15313/Desktop/HW/intern/project/StudyGuard_A_U1P/demo/Project/GD32F470Z_BSP/src/s5.c.obj
PcdValue                                          CMakeFiles/STUDYGUARD_A_U1P.dir/C_/Users/15313/Desktop/HW/intern/project/StudyGuard_A_U1P/demo/Project/GD32F470Z_BSP/src/s5.c.obj
PcdWrite                                          CMakeFiles/STUDYGUARD_A_U1P.dir/C_/Users/15313/Desktop/HW/intern/project/StudyGuard_A_U1P/demo/Project/GD32F470Z_BSP/src/s5.c.obj
PendSV_Handler                                    CMakeFiles/STUDYGUARD_A_U1P.dir/startup_gd32f470_gcc.S.obj
RCU_CTC_IRQHandler                                CMakeFiles/STUDYGUARD_A_U1P.dir/startup_gd32f470_gcc.S.obj
RTC_Alarm_IRQHandler                              CMakeFiles/STUDYGUARD_A_U1P.dir/startup_gd32f470_gcc.S.obj
RTC_WKUP_IRQHandler                               CMakeFiles/STUDYGUARD_A_U1P.dir/startup_gd32f470_gcc.S.obj
Reset_Handler                                     CMakeFiles/STUDYGUARD_A_U1P.dir/startup_gd32f470_gcc.S.obj
SDIO_IRQHandler                                   CMakeFiles/STUDYGUARD_A_U1P.dir/startup_gd32f470_gcc.S.obj
SPI0_IRQHandler                                   CMakeFiles/STUDYGUARD_A_U1P.dir/startup_gd32f470_gcc.S.obj
SPI1_IRQHandler                                   CMakeFiles/STUDYGUARD_A_U1P.dir/startup_gd32f470_gcc.S.obj
SPI2_IRQHandler                                   CMakeFiles/STUDYGUARD_A_U1P.dir/startup_gd32f470_gcc.S.obj
SPI3_IRQHandler                                   CMakeFiles/STUDYGUARD_A_U1P.dir/startup_gd32f470_gcc.S.obj
SPI4_IRQHandler                                   CMakeFiles/STUDYGUARD_A_U1P.dir/startup_gd32f470_gcc.S.obj
SPI5_IRQHandler                                   CMakeFiles/STUDYGUARD_A_U1P.dir/startup_gd32f470_gcc.S.obj
SVC_Handler                                       CMakeFiles/STUDYGUARD_A_U1P.dir/startup_gd32f470_gcc.S.obj
SetBitMask                                        CMakeFiles/STUDYGUARD_A_U1P.dir/C_/Users/15313/Desktop/HW/intern/project/StudyGuard_A_U1P/demo/Project/GD32F470Z_BSP/src/s5.c.obj
SysTick_Handler                                   CMakeFiles/STUDYGUARD_A_U1P.dir/startup_gd32f470_gcc.S.obj
SystemCoreClock                                   CMakeFiles/STUDYGUARD_A_U1P.dir/C_/Users/15313/Desktop/HW/intern/project/StudyGuard_A_U1P/Library/Firmware/CMSIS/GD/GD32F4xx/Source/system_gd32f4xx.c.obj
SystemCoreClockUpdate                             CMakeFiles/STUDYGUARD_A_U1P.dir/C_/Users/15313/Desktop/HW/intern/project/StudyGuard_A_U1P/Library/Firmware/CMSIS/GD/GD32F4xx/Source/system_gd32f4xx.c.obj
SystemInit                                        CMakeFiles/STUDYGUARD_A_U1P.dir/C_/Users/15313/Desktop/HW/intern/project/StudyGuard_A_U1P/Library/Firmware/CMSIS/GD/GD32F4xx/Source/system_gd32f4xx.c.obj
                                                  CMakeFiles/STUDYGUARD_A_U1P.dir/startup_gd32f470_gcc.S.obj
TAMPER_STAMP_IRQHandler                           CMakeFiles/STUDYGUARD_A_U1P.dir/startup_gd32f470_gcc.S.obj
TIMER0_BRK_TIMER8_IRQHandler                      CMakeFiles/STUDYGUARD_A_U1P.dir/startup_gd32f470_gcc.S.obj
TIMER0_Channel_IRQHandler                         CMakeFiles/STUDYGUARD_A_U1P.dir/startup_gd32f470_gcc.S.obj
TIMER0_TRG_CMT_TIMER10_IRQHandler                 CMakeFiles/STUDYGUARD_A_U1P.dir/startup_gd32f470_gcc.S.obj
TIMER0_UP_TIMER9_IRQHandler                       CMakeFiles/STUDYGUARD_A_U1P.dir/startup_gd32f470_gcc.S.obj
TIMER1_IRQHandler                                 CMakeFiles/STUDYGUARD_A_U1P.dir/startup_gd32f470_gcc.S.obj
TIMER2_IRQHandler                                 CMakeFiles/STUDYGUARD_A_U1P.dir/startup_gd32f470_gcc.S.obj
TIMER3_IRQHandler                                 CMakeFiles/STUDYGUARD_A_U1P.dir/C_/Users/15313/Desktop/HW/intern/project/StudyGuard_A_U1P/demo/Project/GD32F470Z_BSP/src/uart.c.obj
TIMER4_IRQHandler                                 CMakeFiles/STUDYGUARD_A_U1P.dir/startup_gd32f470_gcc.S.obj
TIMER5_DAC_IRQHandler                             CMakeFiles/STUDYGUARD_A_U1P.dir/startup_gd32f470_gcc.S.obj
TIMER6_IRQHandler                                 CMakeFiles/STUDYGUARD_A_U1P.dir/startup_gd32f470_gcc.S.obj
TIMER7_BRK_TIMER11_IRQHandler                     CMakeFiles/STUDYGUARD_A_U1P.dir/startup_gd32f470_gcc.S.obj
TIMER7_Channel_IRQHandler                         CMakeFiles/STUDYGUARD_A_U1P.dir/startup_gd32f470_gcc.S.obj
TIMER7_TRG_CMT_TIMER13_IRQHandler                 CMakeFiles/STUDYGUARD_A_U1P.dir/startup_gd32f470_gcc.S.obj
TIMER7_UP_TIMER12_IRQHandler                      CMakeFiles/STUDYGUARD_A_U1P.dir/startup_gd32f470_gcc.S.obj
TLI_ER_IRQHandler                                 CMakeFiles/STUDYGUARD_A_U1P.dir/startup_gd32f470_gcc.S.obj
TLI_IRQHandler                                    CMakeFiles/STUDYGUARD_A_U1P.dir/startup_gd32f470_gcc.S.obj
TRNG_IRQHandler                                   CMakeFiles/STUDYGUARD_A_U1P.dir/startup_gd32f470_gcc.S.obj
UART3_IRQHandler                                  CMakeFiles/STUDYGUARD_A_U1P.dir/startup_gd32f470_gcc.S.obj
UART4_IRQHandler                                  CMakeFiles/STUDYGUARD_A_U1P.dir/startup_gd32f470_gcc.S.obj
UART6_IRQHandler                                  CMakeFiles/STUDYGUARD_A_U1P.dir/startup_gd32f470_gcc.S.obj
UART7_IRQHandler                                  CMakeFiles/STUDYGUARD_A_U1P.dir/startup_gd32f470_gcc.S.obj
USART0_IRQHandler                                 CMakeFiles/STUDYGUARD_A_U1P.dir/C_/Users/15313/Desktop/HW/intern/project/StudyGuard_A_U1P/demo/Project/GD32F470Z_BSP/src/uart.c.obj
USART1_IRQHandler                                 CMakeFiles/STUDYGUARD_A_U1P.dir/startup_gd32f470_gcc.S.obj
USART2_IRQHandler                                 CMakeFiles/STUDYGUARD_A_U1P.dir/C_/Users/15313/Desktop/HW/intern/project/StudyGuard_A_U1P/demo/Project/GD32F470Z_BSP/src/uart.c.obj
USART5_IRQHandler                                 CMakeFiles/STUDYGUARD_A_U1P.dir/C_/Users/15313/Desktop/HW/intern/project/StudyGuard_A_U1P/demo/Project/GD32F470Z_BSP/src/uart.c.obj
USBFS_IRQHandler                                  CMakeFiles/STUDYGUARD_A_U1P.dir/startup_gd32f470_gcc.S.obj
USBFS_WKUP_IRQHandler                             CMakeFiles/STUDYGUARD_A_U1P.dir/startup_gd32f470_gcc.S.obj
USBHS_EP1_In_IRQHandler                           CMakeFiles/STUDYGUARD_A_U1P.dir/startup_gd32f470_gcc.S.obj
USBHS_EP1_Out_IRQHandler                          CMakeFiles/STUDYGUARD_A_U1P.dir/startup_gd32f470_gcc.S.obj
USBHS_IRQHandler                                  CMakeFiles/STUDYGUARD_A_U1P.dir/startup_gd32f470_gcc.S.obj
USBHS_WKUP_IRQHandler                             CMakeFiles/STUDYGUARD_A_U1P.dir/startup_gd32f470_gcc.S.obj
Uart0_RecvBuffer                                  CMakeFiles/STUDYGUARD_A_U1P.dir/C_/Users/15313/Desktop/HW/intern/project/StudyGuard_A_U1P/demo/Project/GD32F470Z_BSP/src/uart.c.obj
Uart0_RecvCnt                                     CMakeFiles/STUDYGUARD_A_U1P.dir/C_/Users/15313/Desktop/HW/intern/project/StudyGuard_A_U1P/demo/Project/GD32F470Z_BSP/src/uart.c.obj
Uart0_RecvFlag                                    CMakeFiles/STUDYGUARD_A_U1P.dir/C_/Users/15313/Desktop/HW/intern/project/StudyGuard_A_U1P/demo/Project/GD32F470Z_BSP/src/uart.c.obj
Uart0_RecvLenth                                   CMakeFiles/STUDYGUARD_A_U1P.dir/C_/Users/15313/Desktop/HW/intern/project/StudyGuard_A_U1P/demo/Project/GD32F470Z_BSP/src/uart.c.obj
Uart2_RecvBuffer                                  CMakeFiles/STUDYGUARD_A_U1P.dir/C_/Users/15313/Desktop/HW/intern/project/StudyGuard_A_U1P/demo/Project/GD32F470Z_BSP/src/uart.c.obj
Uart2_RecvCnt                                     CMakeFiles/STUDYGUARD_A_U1P.dir/C_/Users/15313/Desktop/HW/intern/project/StudyGuard_A_U1P/demo/Project/GD32F470Z_BSP/src/uart.c.obj
Uart2_RecvFlag                                    CMakeFiles/STUDYGUARD_A_U1P.dir/C_/Users/15313/Desktop/HW/intern/project/StudyGuard_A_U1P/demo/Project/GD32F470Z_BSP/src/uart.c.obj
Uart2_RecvLenth                                   CMakeFiles/STUDYGUARD_A_U1P.dir/C_/Users/15313/Desktop/HW/intern/project/StudyGuard_A_U1P/demo/Project/GD32F470Z_BSP/src/uart.c.obj
Uart5_RecvBuffer                                  CMakeFiles/STUDYGUARD_A_U1P.dir/C_/Users/15313/Desktop/HW/intern/project/StudyGuard_A_U1P/demo/Project/GD32F470Z_BSP/src/uart.c.obj
Uart5_RecvCnt                                     CMakeFiles/STUDYGUARD_A_U1P.dir/C_/Users/15313/Desktop/HW/intern/project/StudyGuard_A_U1P/demo/Project/GD32F470Z_BSP/src/uart.c.obj
Uart5_RecvFlag                                    CMakeFiles/STUDYGUARD_A_U1P.dir/C_/Users/15313/Desktop/HW/intern/project/StudyGuard_A_U1P/demo/Project/GD32F470Z_BSP/src/uart.c.obj
Uart5_RecvLenth                                   CMakeFiles/STUDYGUARD_A_U1P.dir/C_/Users/15313/Desktop/HW/intern/project/StudyGuard_A_U1P/demo/Project/GD32F470Z_BSP/src/uart.c.obj
UsageFault_Handler                                CMakeFiles/STUDYGUARD_A_U1P.dir/startup_gd32f470_gcc.S.obj
WWDGT_IRQHandler                                  CMakeFiles/STUDYGUARD_A_U1P.dir/startup_gd32f470_gcc.S.obj
_ITM_deregisterTMCloneTable                       C:/Users/15313/scoop/apps/gcc-arm-none-eabi/15.2.rel1/bin/../lib/gcc/arm-none-eabi/15.2.1/thumb/v7e-m+fp/hard/crtbegin.o
_ITM_registerTMCloneTable                         C:/Users/15313/scoop/apps/gcc-arm-none-eabi/15.2.rel1/bin/../lib/gcc/arm-none-eabi/15.2.1/thumb/v7e-m+fp/hard/crtbegin.o
__HeapBase                                        CMakeFiles/STUDYGUARD_A_U1P.dir/startup_gd32f470_gcc.S.obj
__HeapLimit                                       CMakeFiles/STUDYGUARD_A_U1P.dir/startup_gd32f470_gcc.S.obj
__StackLimit                                      CMakeFiles/STUDYGUARD_A_U1P.dir/startup_gd32f470_gcc.S.obj
__StackTop                                        CMakeFiles/STUDYGUARD_A_U1P.dir/startup_gd32f470_gcc.S.obj
__TMC_END__                                       C:/Users/15313/scoop/apps/gcc-arm-none-eabi/15.2.rel1/bin/../lib/gcc/arm-none-eabi/15.2.1/thumb/v7e-m+fp/hard/crtend.o
                                                  C:/Users/15313/scoop/apps/gcc-arm-none-eabi/15.2.rel1/bin/../lib/gcc/arm-none-eabi/15.2.1/thumb/v7e-m+fp/hard/crtbegin.o
__bss_end__                                       C:/Users/15313/scoop/apps/gcc-arm-none-eabi/15.2.rel1/bin/../lib/gcc/arm-none-eabi/15.2.1/../../../../arm-none-eabi/lib/thumb/v7e-m+fp/hard/crt0.o
__bss_start__                                     C:/Users/15313/scoop/apps/gcc-arm-none-eabi/15.2.rel1/bin/../lib/gcc/arm-none-eabi/15.2.1/../../../../arm-none-eabi/lib/thumb/v7e-m+fp/hard/crt0.o
__call_exitprocs                                  C:/Users/15313/scoop/apps/gcc-arm-none-eabi/15.2.rel1/bin/../lib/gcc/arm-none-eabi/15.2.1/../../../../arm-none-eabi/lib/thumb/v7e-m+fp/hard\libc_nano.a(libc_a-exit.o)
__deregister_frame_info                           C:/Users/15313/scoop/apps/gcc-arm-none-eabi/15.2.rel1/bin/../lib/gcc/arm-none-eabi/15.2.1/thumb/v7e-m+fp/hard/crtbegin.o